---
http_interactions:
- request:
    method: post
    uri: https://api.stripe.com/v1/payment_methods
    body:
      encoding: UTF-8
      string: type=card&card[token]=tok_visa
    headers:
      User-Agent:
      - Stripe/v1 RubyBindings/12.5.0
      Authorization:
      - Bearer <STRIPE_API_KEY>
      Content-Type:
      - application/x-www-form-urlencoded
      X-Stripe-Client-Telemetry:
      - '{"last_request_metrics":{"request_id":"req_fXcbo6R9tQFqcD","request_duration_ms":1}}'
      Idempotency-Key:
      - 3accaca4-0806-4548-a709-41e5ff413c0a
      Stripe-Version:
      - '2023-10-16'
      X-Stripe-Client-User-Agent:
      - '{"bindings_version":"12.5.0","lang":"ruby","lang_version":"3.4.3 p32 (2025-04-14)","platform":"x86_64-linux","engine":"ruby","publisher":"stripe","uname":"Linux
        version 6.14.0-33-generic (buildd@lcy02-amd64-026) (x86_64-linux-gnu-gcc-13
        (Ubuntu 13.3.0-6ubuntu2~24.04) 13.3.0, GNU ld (GNU Binutils for Ubuntu) 2.42)
        #33~24.04.1-Ubuntu SMP PREEMPT_DYNAMIC Fri Sep 19 17:02:30 UTC 2","hostname":"hsc-desk"}'
      Accept-Encoding:
      - gzip;q=1.0,deflate;q=0.6,identity;q=0.3
      Accept:
      - "*/*"
  response:
    status:
      code: 200
      message: OK
    headers:
      Server:
      - nginx
      Date:
      - Sat, 01 Nov 2025 15:08:36 GMT
      Content-Type:
      - application/json
      Content-Length:
      - '1055'
      Connection:
      - keep-alive
      Access-Control-Allow-Credentials:
      - 'true'
      Access-Control-Allow-Methods:
      - GET, HEAD, PUT, PATCH, POST, DELETE
      Access-Control-Allow-Origin:
      - "*"
      Access-Control-Expose-Headers:
      - Request-Id, Stripe-Manage-Version, Stripe-Should-Retry, X-Stripe-External-Auth-Required,
        X-Stripe-Privileged-Session-Required
      Access-Control-Max-Age:
      - '300'
      Cache-Control:
      - no-cache, no-store
      Content-Security-Policy:
      - base-uri 'none'; default-src 'none'; form-action 'none'; frame-ancestors 'none';
        img-src 'self'; script-src 'self' 'report-<RPUSH_CONSUMER_FCM_FIREBASE_PROJECT_ID>';
        style-src 'self'; worker-src 'none'; upgrade-insecure-requests; report-uri
        https://q.stripe.com/csp-violation?q=Kq1p-QThgqKW9WENF7RB319whYiMk2tZT4COvTGD6-3ZqbS6A10fbrNrvHB1hMgH0ahDrFmYQDB_owww
      Idempotency-Key:
      - 3accaca4-0806-4548-a709-41e5ff413c0a
      Original-Request:
      - req_sDMGCguDdVAEsJ
      Request-Id:
      - req_sDMGCguDdVAEsJ
      Stripe-Should-Retry:
      - 'false'
      Stripe-Version:
      - '2023-10-16'
      Vary:
      - Origin
      X-Stripe-Priority-Routing-Enabled:
      - 'true'
      X-Stripe-Routing-Context-Priority-Tier:
      - api-testmode
      X-Wc:
      - ABGHIJ
      Strict-Transport-Security:
      - max-age=63072000; includeSubDomains; preload
    body:
      encoding: UTF-8
      string: |-
        {
          "id": "pm_1SOgPvIBOqvOFDrfLrrG0ofC",
          "object": "payment_method",
          "allow_redisplay": "unspecified",
          "billing_details": {
            "address": {
              "city": null,
              "country": null,
              "line1": null,
              "line2": null,
              "postal_code": null,
              "state": null
            },
            "email": null,
            "name": null,
            "phone": null,
            "tax_id": null
          },
          "card": {
            "brand": "visa",
            "checks": {
              "address_line1_check": null,
              "address_postal_code_check": null,
              "cvc_check": "unchecked"
            },
            "country": "US",
            "display_brand": "visa",
            "exp_month": 11,
            "exp_year": 2026,
            "fingerprint": "hsksJCaNjbEGzjqP",
            "funding": "credit",
            "generated_from": null,
            "last4": "4242",
            "networks": {
              "available": [
                "visa"
              ],
              "preferred": null
            },
            "regulated_status": "unregulated",
            "three_d_secure_usage": {
              "supported": true
            },
            "wallet": null
          },
          "created": 1762009716,
          "customer": null,
          "livemode": false,
          "metadata": {},
          "type": "card"
        }
  recorded_at: Sat, 01 Nov 2025 15:08:36 GMT
- request:
    method: get
    uri: https://api.stripe.com/v1/payment_methods/pm_1SOgPvIBOqvOFDrfLrrG0ofC
    body:
      encoding: US-ASCII
      string: ''
    headers:
      User-Agent:
      - Stripe/v1 RubyBindings/12.5.0
      Authorization:
      - Bearer <STRIPE_API_KEY>
      Content-Type:
      - application/x-www-form-urlencoded
      X-Stripe-Client-Telemetry:
      - '{"last_request_metrics":{"request_id":"req_sDMGCguDdVAEsJ","request_duration_ms":610}}'
      Stripe-Version:
      - '2023-10-16'
      X-Stripe-Client-User-Agent:
      - '{"bindings_version":"12.5.0","lang":"ruby","lang_version":"3.4.3 p32 (2025-04-14)","platform":"x86_64-linux","engine":"ruby","publisher":"stripe","uname":"Linux
        version 6.14.0-33-generic (buildd@lcy02-amd64-026) (x86_64-linux-gnu-gcc-13
        (Ubuntu 13.3.0-6ubuntu2~24.04) 13.3.0, GNU ld (GNU Binutils for Ubuntu) 2.42)
        #33~24.04.1-Ubuntu SMP PREEMPT_DYNAMIC Fri Sep 19 17:02:30 UTC 2","hostname":"hsc-desk"}'
      Accept-Encoding:
      - gzip;q=1.0,deflate;q=0.6,identity;q=0.3
      Accept:
      - "*/*"
  response:
    status:
      code: 200
      message: OK
    headers:
      Server:
      - nginx
      Date:
      - Sat, 01 Nov 2025 15:08:36 GMT
      Content-Type:
      - application/json
      Content-Length:
      - '1055'
      Connection:
      - keep-alive
      Access-Control-Allow-Credentials:
      - 'true'
      Access-Control-Allow-Methods:
      - GET, HEAD, PUT, PATCH, POST, DELETE
      Access-Control-Allow-Origin:
      - "*"
      Access-Control-Expose-Headers:
      - Request-Id, Stripe-Manage-Version, Stripe-Should-Retry, X-Stripe-External-Auth-Required,
        X-Stripe-Privileged-Session-Required
      Access-Control-Max-Age:
      - '300'
      Cache-Control:
      - no-cache, no-store
      Content-Security-Policy:
      - base-uri 'none'; default-src 'none'; form-action 'none'; frame-ancestors 'none';
        img-src 'self'; script-src 'self' 'report-<RPUSH_CONSUMER_FCM_FIREBASE_PROJECT_ID>';
        style-src 'self'; worker-src 'none'; upgrade-insecure-requests; report-uri
        https://q.stripe.com/csp-violation?q=Kq1p-QThgqKW9WENF7RB319whYiMk2tZT4COvTGD6-3ZqbS6A10fbrNrvHB1hMgH0ahDrFmYQDB_owww
      Request-Id:
      - req_hMt9EcSts7j5j6
      Stripe-Version:
      - '2023-10-16'
      Vary:
      - Origin
      X-Stripe-Priority-Routing-Enabled:
      - 'true'
      X-Stripe-Routing-Context-Priority-Tier:
      - api-testmode
      X-Wc:
      - ABGHIJ
      Strict-Transport-Security:
      - max-age=63072000; includeSubDomains; preload
    body:
      encoding: UTF-8
      string: |-
        {
          "id": "pm_1SOgPvIBOqvOFDrfLrrG0ofC",
          "object": "payment_method",
          "allow_redisplay": "unspecified",
          "billing_details": {
            "address": {
              "city": null,
              "country": null,
              "line1": null,
              "line2": null,
              "postal_code": null,
              "state": null
            },
            "email": null,
            "name": null,
            "phone": null,
            "tax_id": null
          },
          "card": {
            "brand": "visa",
            "checks": {
              "address_line1_check": null,
              "address_postal_code_check": null,
              "cvc_check": "unchecked"
            },
            "country": "US",
            "display_brand": "visa",
            "exp_month": 11,
            "exp_year": 2026,
            "fingerprint": "hsksJCaNjbEGzjqP",
            "funding": "credit",
            "generated_from": null,
            "last4": "4242",
            "networks": {
              "available": [
                "visa"
              ],
              "preferred": null
            },
            "regulated_status": "unregulated",
            "three_d_secure_usage": {
              "supported": true
            },
            "wallet": null
          },
          "created": 1762009716,
          "customer": null,
          "livemode": false,
          "metadata": {},
          "type": "card"
        }
  recorded_at: Sat, 01 Nov 2025 15:08:36 GMT
- request:
    method: post
    uri: https://api.stripe.com/v1/customers
    body:
      encoding: UTF-8
      string: description=6140&email=edgar1b0cf000_46%40gumroad.com&payment_method=pm_1SOgPvIBOqvOFDrfLrrG0ofC
    headers:
      User-Agent:
      - Stripe/v1 RubyBindings/12.5.0
      Authorization:
      - Bearer <STRIPE_API_KEY>
      Content-Type:
      - application/x-www-form-urlencoded
      X-Stripe-Client-Telemetry:
      - '{"last_request_metrics":{"request_id":"req_hMt9EcSts7j5j6","request_duration_ms":348}}'
      Idempotency-Key:
      - c12d9f25-1218-41c3-9957-64351f703e62
      Stripe-Version:
      - '2023-10-16'
      X-Stripe-Client-User-Agent:
      - '{"bindings_version":"12.5.0","lang":"ruby","lang_version":"3.4.3 p32 (2025-04-14)","platform":"x86_64-linux","engine":"ruby","publisher":"stripe","uname":"Linux
        version 6.14.0-33-generic (buildd@lcy02-amd64-026) (x86_64-linux-gnu-gcc-13
        (Ubuntu 13.3.0-6ubuntu2~24.04) 13.3.0, GNU ld (GNU Binutils for Ubuntu) 2.42)
        #33~24.04.1-Ubuntu SMP PREEMPT_DYNAMIC Fri Sep 19 17:02:30 UTC 2","hostname":"hsc-desk"}'
      Accept-Encoding:
      - gzip;q=1.0,deflate;q=0.6,identity;q=0.3
      Accept:
      - "*/*"
  response:
    status:
      code: 200
      message: OK
    headers:
      Server:
      - nginx
      Date:
      - Sat, 01 Nov 2025 15:08:37 GMT
      Content-Type:
      - application/json
      Content-Length:
      - '642'
      Connection:
      - keep-alive
      Access-Control-Allow-Credentials:
      - 'true'
      Access-Control-Allow-Methods:
      - GET, HEAD, PUT, PATCH, POST, DELETE
      Access-Control-Allow-Origin:
      - "*"
      Access-Control-Expose-Headers:
      - Request-Id, Stripe-Manage-Version, Stripe-Should-Retry, X-Stripe-External-Auth-Required,
        X-Stripe-Privileged-Session-Required
      Access-Control-Max-Age:
      - '300'
      Cache-Control:
      - no-cache, no-store
      Content-Security-Policy:
      - base-uri 'none'; default-src 'none'; form-action 'none'; frame-ancestors 'none';
        img-src 'self'; script-src 'self' 'report-<RPUSH_CONSUMER_FCM_FIREBASE_PROJECT_ID>';
        style-src 'self'; worker-src 'none'; upgrade-insecure-requests; report-uri
        https://q.stripe.com/csp-violation?q=Kq1p-QThgqKW9WENF7RB319whYiMk2tZT4COvTGD6-3ZqbS6A10fbrNrvHB1hMgH0ahDrFmYQDB_owww
      Idempotency-Key:
      - c12d9f25-1218-41c3-9957-64351f703e62
      Original-Request:
      - req_QsZspAR2R93z1a
      Request-Id:
      - req_QsZspAR2R93z1a
      Stripe-Should-Retry:
      - 'false'
      Stripe-Version:
      - '2023-10-16'
      Vary:
      - Origin
      X-Stripe-Priority-Routing-Enabled:
      - 'true'
      X-Stripe-Routing-Context-Priority-Tier:
      - api-testmode
      X-Wc:
      - ABGHIJ
      Strict-Transport-Security:
      - max-age=63072000; includeSubDomains; preload
    body:
      encoding: UTF-8
      string: |-
        {
          "id": "cus_TLNAK7di7niMyr",
          "object": "customer",
          "address": null,
          "balance": 0,
          "created": 1762009716,
          "currency": null,
          "default_source": null,
          "delinquent": false,
          "description": "6140",
          "discount": null,
          "email": "edgar1b0cf000_46@gumroad.com",
          "invoice_prefix": "WMSCJXNF",
          "invoice_settings": {
            "custom_fields": null,
            "default_payment_method": null,
            "footer": null,
            "rendering_options": null
          },
          "livemode": false,
          "metadata": {},
          "name": null,
          "next_invoice_sequence": 1,
          "phone": null,
          "preferred_locales": [],
          "shipping": null,
          "tax_exempt": "none",
          "test_clock": null
        }
  recorded_at: Sat, 01 Nov 2025 15:08:37 GMT
- request:
    method: post
    uri: https://api.stripe.com/v1/payment_intents
    body:
      encoding: UTF-8
      string: amount=599&currency=usd&description=You+bought+http%3A%2F%2Fedgarddb0782a20.test.gumroad.com%3A31337%2Fl%2Fm%21&metadata[purchase]=pi8ojRRLA9i1Ny7C7A5K5g%3D%3D&transfer_group=4513&payment_method_types[0]=card&off_session=true&confirm=true&customer=cus_TLNAK7di7niMyr&payment_method=pm_1SOgPvIBOqvOFDrfLrrG0ofC&statement_descriptor_suffix=edgarddb0782a20
    headers:
      User-Agent:
      - Stripe/v1 RubyBindings/12.5.0
      Authorization:
      - Bearer <STRIPE_API_KEY>
      Content-Type:
      - application/x-www-form-urlencoded
      X-Stripe-Client-Telemetry:
      - '{"last_request_metrics":{"request_id":"req_QsZspAR2R93z1a","request_duration_ms":737}}'
      Idempotency-Key:
      - dc0fbb58-c519-4538-a1f0-538f23be80e4
      Stripe-Version:
      - '2023-10-16'
      X-Stripe-Client-User-Agent:
      - '{"bindings_version":"12.5.0","lang":"ruby","lang_version":"3.4.3 p32 (2025-04-14)","platform":"x86_64-linux","engine":"ruby","publisher":"stripe","uname":"Linux
        version 6.14.0-33-generic (buildd@lcy02-amd64-026) (x86_64-linux-gnu-gcc-13
        (Ubuntu 13.3.0-6ubuntu2~24.04) 13.3.0, GNU ld (GNU Binutils for Ubuntu) 2.42)
        #33~24.04.1-Ubuntu SMP PREEMPT_DYNAMIC Fri Sep 19 17:02:30 UTC 2","hostname":"hsc-desk"}'
      Accept-Encoding:
      - gzip;q=1.0,deflate;q=0.6,identity;q=0.3
      Accept:
      - "*/*"
  response:
    status:
      code: 200
      message: OK
    headers:
      Server:
      - nginx
      Date:
      - Sat, 01 Nov 2025 15:08:38 GMT
      Content-Type:
      - application/json
      Content-Length:
      - '1538'
      Connection:
      - keep-alive
      Access-Control-Allow-Credentials:
      - 'true'
      Access-Control-Allow-Methods:
      - GET, HEAD, PUT, PATCH, POST, DELETE
      Access-Control-Allow-Origin:
      - "*"
      Access-Control-Expose-Headers:
      - Request-Id, Stripe-Manage-Version, Stripe-Should-Retry, X-Stripe-External-Auth-Required,
        X-Stripe-Privileged-Session-Required
      Access-Control-Max-Age:
      - '300'
      Cache-Control:
      - no-cache, no-store
      Content-Security-Policy:
      - base-uri 'none'; default-src 'none'; form-action 'none'; frame-ancestors 'none';
        img-src 'self'; script-src 'self' 'report-<RPUSH_CONSUMER_FCM_FIREBASE_PROJECT_ID>';
        style-src 'self'; worker-src 'none'; upgrade-insecure-requests; report-uri
        https://q.stripe.com/csp-violation?q=Kq1p-QThgqKW9WENF7RB319whYiMk2tZT4COvTGD6-3ZqbS6A10fbrNrvHB1hMgH0ahDrFmYQDB_owww
      Idempotency-Key:
      - dc0fbb58-c519-4538-a1f0-538f23be80e4
      Original-Request:
      - req_hoHR7CNglnvbKh
      Request-Id:
      - req_hoHR7CNglnvbKh
      Stripe-Should-Retry:
      - 'false'
      Stripe-Version:
      - '2023-10-16'
      Vary:
      - Origin
      X-Stripe-Priority-Routing-Enabled:
      - 'true'
      X-Stripe-Routing-Context-Priority-Tier:
      - api-testmode
      X-Wc:
      - ABGHIJ
      Strict-Transport-Security:
      - max-age=63072000; includeSubDomains; preload
    body:
      encoding: UTF-8
      string: |-
        {
          "id": "pi_3SOgPxIBOqvOFDrf0EH1W3jG",
          "object": "payment_intent",
          "amount": 599,
          "amount_capturable": 0,
          "amount_details": {
            "tip": {}
          },
          "amount_received": 599,
          "application": null,
          "application_fee_amount": null,
          "automatic_payment_methods": null,
          "canceled_at": null,
          "cancellation_reason": null,
          "capture_method": "automatic",
          "client_secret": "pi_3SOgPxIBOqvOFDrf0EH1W3jG_secret_L0B53yQ0GDYwpLUv8ggTWWfb5",
          "confirmation_method": "automatic",
          "created": 1762009717,
          "currency": "usd",
          "customer": "cus_TLNAK7di7niMyr",
          "description": "You bought http://edgarddb0782a20.test.gumroad.com:31337/l/m!",
          "excluded_payment_method_types": null,
          "invoice": null,
          "last_payment_error": null,
          "latest_charge": "ch_3SOgPxIBOqvOFDrf0Nev0AeN",
          "livemode": false,
          "metadata": {
            "purchase": "pi8ojRRLA9i1Ny7C7A5K5g=="
          },
          "next_action": null,
          "on_behalf_of": null,
          "payment_method": "pm_1SOgPvIBOqvOFDrfLrrG0ofC",
          "payment_method_configuration_details": null,
          "payment_method_options": {
            "card": {
              "installments": null,
              "mandate_options": null,
              "network": null,
              "request_three_d_secure": "automatic"
            }
          },
          "payment_method_types": [
            "card"
          ],
          "processing": null,
          "receipt_email": null,
          "review": null,
          "setup_future_usage": null,
          "shipping": null,
          "source": null,
          "statement_descriptor": null,
          "statement_descriptor_suffix": "edgarddb0782a20",
          "status": "succeeded",
          "transfer_data": null,
          "transfer_group": "4513"
        }
  recorded_at: Wed, 01 Apr 2020 00:00:00 GMT
- request:
    method: get
    uri: https://api.stripe.com/v1/charges/ch_3SOgPxIBOqvOFDrf0Nev0AeN?expand%5B%5D=application_fee.balance_transaction&expand%5B%5D=balance_transaction
    body:
      encoding: US-ASCII
      string: ''
    headers:
      User-Agent:
      - Stripe/v1 RubyBindings/12.5.0
      Authorization:
      - Bearer <STRIPE_API_KEY>
      Content-Type:
      - application/x-www-form-urlencoded
      X-Stripe-Client-Telemetry:
      - '{"last_request_metrics":{"request_id":"req_hoHR7CNglnvbKh","request_duration_ms":1020}}'
      Stripe-Version:
      - '2023-10-16'
      X-Stripe-Client-User-Agent:
      - '{"bindings_version":"12.5.0","lang":"ruby","lang_version":"3.4.3 p32 (2025-04-14)","platform":"x86_64-linux","engine":"ruby","publisher":"stripe","uname":"Linux
        version 6.14.0-33-generic (buildd@lcy02-amd64-026) (x86_64-linux-gnu-gcc-13
        (Ubuntu 13.3.0-6ubuntu2~24.04) 13.3.0, GNU ld (GNU Binutils for Ubuntu) 2.42)
        #33~24.04.1-Ubuntu SMP PREEMPT_DYNAMIC Fri Sep 19 17:02:30 UTC 2","hostname":"hsc-desk"}'
      Accept-Encoding:
      - gzip;q=1.0,deflate;q=0.6,identity;q=0.3
      Accept:
      - "*/*"
  response:
    status:
      code: 200
      message: OK
    headers:
      Server:
      - nginx
      Date:
      - Sat, 01 Nov 2025 15:08:38 GMT
      Content-Type:
      - application/json
      Content-Length:
      - '3743'
      Connection:
      - keep-alive
      Access-Control-Allow-Credentials:
      - 'true'
      Access-Control-Allow-Methods:
      - GET, HEAD, PUT, PATCH, POST, DELETE
      Access-Control-Allow-Origin:
      - "*"
      Access-Control-Expose-Headers:
      - Request-Id, Stripe-Manage-Version, Stripe-Should-Retry, X-Stripe-External-Auth-Required,
        X-Stripe-Privileged-Session-Required
      Access-Control-Max-Age:
      - '300'
      Cache-Control:
      - no-cache, no-store
      Content-Security-Policy:
      - base-uri 'none'; default-src 'none'; form-action 'none'; frame-ancestors 'none';
        img-src 'self'; script-src 'self' 'report-<RPUSH_CONSUMER_FCM_FIREBASE_PROJECT_ID>';
        style-src 'self'; worker-src 'none'; upgrade-insecure-requests; report-uri
        https://q.stripe.com/csp-violation?q=Kq1p-QThgqKW9WENF7RB319whYiMk2tZT4COvTGD6-3ZqbS6A10fbrNrvHB1hMgH0ahDrFmYQDB_owww
      Request-Id:
      - req_5f1sxlM3eiRcsX
      Stripe-Version:
      - '2023-10-16'
      Vary:
      - Origin
      X-Stripe-Priority-Routing-Enabled:
      - 'true'
      X-Stripe-Routing-Context-Priority-Tier:
      - api-testmode
      X-Wc:
      - ABGHIJ
      Strict-Transport-Security:
      - max-age=63072000; includeSubDomains; preload
    body:
      encoding: UTF-8
      string: |-
        {
          "id": "ch_3SOgPxIBOqvOFDrf0Nev0AeN",
          "object": "charge",
          "amount": 599,
          "amount_captured": 599,
          "amount_refunded": 0,
          "application": null,
          "application_fee": null,
          "application_fee_amount": null,
          "balance_transaction": {
            "id": "txn_3SOgPxIBOqvOFDrf0w9czwlq",
            "object": "balance_transaction",
            "amount": 599,
            "available_on": 1762560000,
            "balance_type": "payments",
            "created": 1762009717,
            "currency": "usd",
            "description": "You bought http://edgarddb0782a20.test.gumroad.com:31337/l/m!",
            "exchange_rate": null,
            "fee": 47,
            "fee_details": [
              {
                "amount": 47,
                "application": null,
                "currency": "usd",
                "description": "Stripe processing fees",
                "type": "stripe_fee"
              }
            ],
            "net": 552,
            "reporting_category": "charge",
            "source": "ch_3SOgPxIBOqvOFDrf0Nev0AeN",
            "status": "pending",
            "type": "charge"
          },
          "billing_details": {
            "address": {
              "city": null,
              "country": null,
              "line1": null,
              "line2": null,
              "postal_code": null,
              "state": null
            },
            "email": null,
            "name": null,
            "phone": null,
            "tax_id": null
          },
          "calculated_statement_descriptor": "STRIPE* EDGARDDB0782A2",
          "captured": true,
          "created": 1762009717,
          "currency": "usd",
          "customer": "cus_TLNAK7di7niMyr",
          "description": "You bought http://edgarddb0782a20.test.gumroad.com:31337/l/m!",
          "destination": null,
          "dispute": null,
          "disputed": false,
          "failure_balance_transaction": null,
          "failure_code": null,
          "failure_message": null,
          "fraud_details": {},
          "invoice": null,
          "livemode": false,
          "metadata": {
            "purchase": "pi8ojRRLA9i1Ny7C7A5K5g=="
          },
          "on_behalf_of": null,
          "order": null,
          "outcome": {
            "advice_code": null,
            "network_advice_code": null,
            "network_decline_code": null,
            "network_status": "approved_by_network",
            "reason": null,
            "risk_level": "normal",
            "risk_score": 2,
            "seller_message": "Payment complete.",
            "type": "authorized"
          },
          "paid": true,
          "payment_intent": "pi_3SOgPxIBOqvOFDrf0EH1W3jG",
          "payment_method": "pm_1SOgPvIBOqvOFDrfLrrG0ofC",
          "payment_method_details": {
            "card": {
              "amount_authorized": 599,
              "authorization_code": "353351",
              "brand": "visa",
              "checks": {
                "address_line1_check": null,
                "address_postal_code_check": null,
                "cvc_check": "pass"
              },
              "country": "US",
              "exp_month": 11,
              "exp_year": 2026,
              "extended_authorization": {
                "status": "disabled"
              },
              "fingerprint": "hsksJCaNjbEGzjqP",
              "funding": "credit",
              "incremental_authorization": {
                "status": "unavailable"
              },
              "installments": null,
              "last4": "4242",
              "mandate": null,
              "multicapture": {
                "status": "unavailable"
              },
              "network": "visa",
              "network_token": {
                "used": false
              },
              "network_transaction_id": "104115107115746",
              "overcapture": {
                "maximum_amount_capturable": 599,
                "status": "unavailable"
              },
              "regulated_status": "unregulated",
              "three_d_secure": null,
              "wallet": null
            },
            "type": "card"
          },
          "radar_options": {},
          "receipt_email": null,
          "receipt_number": null,
          "receipt_url": "https://pay.stripe.com/receipts/payment/CAcaFwoVYWNjdF8xU05FZ3NJQk9xdk9GRHJmKPbEmMgGMgZcmEf9Qag6LBYwfyKCd-u3gY8LbhMFY8sgXo4KJqt494TOUD95bdCJSm2DAGRu8HBRyH9Q",
          "refunded": false,
          "review": null,
          "shipping": null,
          "source": null,
          "source_transfer": null,
          "statement_descriptor": null,
          "statement_descriptor_suffix": "edgarddb0782a20",
          "status": "succeeded",
          "transfer_data": null,
          "transfer_group": "4513"
        }
  recorded_at: Wed, 01 Apr 2020 00:00:00 GMT
- request:
    method: get
    uri: https://api.stripe.com/v1/payment_methods/pm_card_indiaRecurringMandateSetupAndRenewalsSuccess
    body:
      encoding: US-ASCII
      string: ''
    headers:
      User-Agent:
      - Stripe/v1 RubyBindings/12.5.0
      Authorization:
      - Bearer <STRIPE_API_KEY>
      Content-Type:
      - application/x-www-form-urlencoded
      X-Stripe-Client-Telemetry:
      - '{"last_request_metrics":{"request_id":"req_5f1sxlM3eiRcsX","request_duration_ms":415}}'
      Stripe-Version:
      - '2023-10-16'
      X-Stripe-Client-User-Agent:
      - '{"bindings_version":"12.5.0","lang":"ruby","lang_version":"3.4.3 p32 (2025-04-14)","platform":"x86_64-linux","engine":"ruby","publisher":"stripe","uname":"Linux
        version 6.14.0-33-generic (buildd@lcy02-amd64-026) (x86_64-linux-gnu-gcc-13
        (Ubuntu 13.3.0-6ubuntu2~24.04) 13.3.0, GNU ld (GNU Binutils for Ubuntu) 2.42)
        #33~24.04.1-Ubuntu SMP PREEMPT_DYNAMIC Fri Sep 19 17:02:30 UTC 2","hostname":"hsc-desk"}'
      Accept-Encoding:
      - gzip;q=1.0,deflate;q=0.6,identity;q=0.3
      Accept:
      - "*/*"
  response:
    status:
      code: 200
      message: OK
    headers:
      Server:
      - nginx
      Date:
      - Sat, 01 Nov 2025 15:08:39 GMT
      Content-Type:
      - application/json
      Content-Length:
      - '1055'
      Connection:
      - keep-alive
      Access-Control-Allow-Credentials:
      - 'true'
      Access-Control-Allow-Methods:
      - GET, HEAD, PUT, PATCH, POST, DELETE
      Access-Control-Allow-Origin:
      - "*"
      Access-Control-Expose-Headers:
      - Request-Id, Stripe-Manage-Version, Stripe-Should-Retry, X-Stripe-External-Auth-Required,
        X-Stripe-Privileged-Session-Required
      Access-Control-Max-Age:
      - '300'
      Cache-Control:
      - no-cache, no-store
      Content-Security-Policy:
      - base-uri 'none'; default-src 'none'; form-action 'none'; frame-ancestors 'none';
        img-src 'self'; script-src 'self' 'report-<RPUSH_CONSUMER_FCM_FIREBASE_PROJECT_ID>';
        style-src 'self'; worker-src 'none'; upgrade-insecure-requests; report-uri
        https://q.stripe.com/csp-violation?q=Kq1p-QThgqKW9WENF7RB319whYiMk2tZT4COvTGD6-3ZqbS6A10fbrNrvHB1hMgH0ahDrFmYQDB_owww
      Request-Id:
      - req_cWpzKuKPtjjNzg
      Stripe-Version:
      - '2023-10-16'
      Vary:
      - Origin
      X-Stripe-Priority-Routing-Enabled:
      - 'true'
      X-Stripe-Routing-Context-Priority-Tier:
      - api-testmode
      X-Wc:
      - ABGHIJ
      Strict-Transport-Security:
      - max-age=63072000; includeSubDomains; preload
    body:
      encoding: UTF-8
      string: |-
        {
          "id": "pm_1SOgPzIBOqvOFDrfC39PK6Zh",
          "object": "payment_method",
          "allow_redisplay": "unspecified",
          "billing_details": {
            "address": {
              "city": null,
              "country": null,
              "line1": null,
              "line2": null,
              "postal_code": null,
              "state": null
            },
            "email": null,
            "name": null,
            "phone": null,
            "tax_id": null
          },
          "card": {
            "brand": "visa",
            "checks": {
              "address_line1_check": null,
              "address_postal_code_check": null,
              "cvc_check": "unchecked"
            },
            "country": "IN",
            "display_brand": "visa",
            "exp_month": 11,
            "exp_year": 2026,
            "fingerprint": "hYEJM5n23nQzebTI",
            "funding": "credit",
            "generated_from": null,
            "last4": "0123",
            "networks": {
              "available": [
                "visa"
              ],
              "preferred": null
            },
            "regulated_status": "unregulated",
            "three_d_secure_usage": {
              "supported": true
            },
            "wallet": null
          },
          "created": 1762009719,
          "customer": null,
          "livemode": false,
          "metadata": {},
          "type": "card"
        }
  recorded_at: Sat, 01 Nov 2025 15:08:39 GMT
- request:
    method: post
    uri: https://api.stripe.com/v1/customers
    body:
      encoding: UTF-8
      string: description=6142&email=edgare92ce296_50%40gumroad.com&payment_method=pm_card_indiaRecurringMandateSetupAndRenewalsSuccess
    headers:
      User-Agent:
      - Stripe/v1 RubyBindings/12.5.0
      Authorization:
      - Bearer <STRIPE_API_KEY>
      Content-Type:
      - application/x-www-form-urlencoded
      X-Stripe-Client-Telemetry:
      - '{"last_request_metrics":{"request_id":"req_cWpzKuKPtjjNzg","request_duration_ms":369}}'
      Idempotency-Key:
      - 430e8e65-2908-445d-8e17-71b011959d4f
      Stripe-Version:
      - '2023-10-16'
      X-Stripe-Client-User-Agent:
      - '{"bindings_version":"12.5.0","lang":"ruby","lang_version":"3.4.3 p32 (2025-04-14)","platform":"x86_64-linux","engine":"ruby","publisher":"stripe","uname":"Linux
        version 6.14.0-33-generic (buildd@lcy02-amd64-026) (x86_64-linux-gnu-gcc-13
        (Ubuntu 13.3.0-6ubuntu2~24.04) 13.3.0, GNU ld (GNU Binutils for Ubuntu) 2.42)
        #33~24.04.1-Ubuntu SMP PREEMPT_DYNAMIC Fri Sep 19 17:02:30 UTC 2","hostname":"hsc-desk"}'
      Accept-Encoding:
      - gzip;q=1.0,deflate;q=0.6,identity;q=0.3
      Accept:
      - "*/*"
  response:
    status:
      code: 200
      message: OK
    headers:
      Server:
      - nginx
      Date:
      - Sat, 01 Nov 2025 15:08:40 GMT
      Content-Type:
      - application/json
      Content-Length:
      - '642'
      Connection:
      - keep-alive
      Access-Control-Allow-Credentials:
      - 'true'
      Access-Control-Allow-Methods:
      - GET, HEAD, PUT, PATCH, POST, DELETE
      Access-Control-Allow-Origin:
      - "*"
      Access-Control-Expose-Headers:
      - Request-Id, Stripe-Manage-Version, Stripe-Should-Retry, X-Stripe-External-Auth-Required,
        X-Stripe-Privileged-Session-Required
      Access-Control-Max-Age:
      - '300'
      Cache-Control:
      - no-cache, no-store
      Content-Security-Policy:
      - base-uri 'none'; default-src 'none'; form-action 'none'; frame-ancestors 'none';
        img-src 'self'; script-src 'self' 'report-<RPUSH_CONSUMER_FCM_FIREBASE_PROJECT_ID>';
        style-src 'self'; worker-src 'none'; upgrade-insecure-requests; report-uri
        https://q.stripe.com/csp-violation?q=Kq1p-QThgqKW9WENF7RB319whYiMk2tZT4COvTGD6-3ZqbS6A10fbrNrvHB1hMgH0ahDrFmYQDB_owww
      Idempotency-Key:
      - 430e8e65-2908-445d-8e17-71b011959d4f
      Original-Request:
      - req_mGfg6US0QK0XXc
      Request-Id:
      - req_mGfg6US0QK0XXc
      Stripe-Should-Retry:
      - 'false'
      Stripe-Version:
      - '2023-10-16'
      Vary:
      - Origin
      X-Stripe-Priority-Routing-Enabled:
      - 'true'
      X-Stripe-Routing-Context-Priority-Tier:
      - api-testmode
      X-Wc:
      - ABGHIJ
      Strict-Transport-Security:
      - max-age=63072000; includeSubDomains; preload
    body:
      encoding: UTF-8
      string: |-
        {
          "id": "cus_TLNAf6LJXqY9Vc",
          "object": "customer",
          "address": null,
          "balance": 0,
          "created": 1762009719,
          "currency": null,
          "default_source": null,
          "delinquent": false,
          "description": "6142",
          "discount": null,
          "email": "edgare92ce296_50@gumroad.com",
          "invoice_prefix": "HO3YK0GN",
          "invoice_settings": {
            "custom_fields": null,
            "default_payment_method": null,
            "footer": null,
            "rendering_options": null
          },
          "livemode": false,
          "metadata": {},
          "name": null,
          "next_invoice_sequence": 1,
          "phone": null,
          "preferred_locales": [],
          "shipping": null,
          "tax_exempt": "none",
          "test_clock": null
        }
  recorded_at: Sat, 01 Nov 2025 15:08:40 GMT
- request:
    method: post
    uri: https://api.stripe.com/v1/customers
    body:
      encoding: UTF-8
      string: payment_method=pm_card_indiaRecurringMandateSetupAndRenewalsSuccess
    headers:
      User-Agent:
      - Stripe/v1 RubyBindings/12.5.0
      Authorization:
      - Bearer <STRIPE_API_KEY>
      Content-Type:
      - application/x-www-form-urlencoded
      X-Stripe-Client-Telemetry:
      - '{"last_request_metrics":{"request_id":"req_mGfg6US0QK0XXc","request_duration_ms":984}}'
      Idempotency-Key:
      - d41c3786-50be-4bbd-9508-eeb4c519e2b8
      Stripe-Version:
      - '2023-10-16'
      X-Stripe-Client-User-Agent:
      - '{"bindings_version":"12.5.0","lang":"ruby","lang_version":"3.4.3 p32 (2025-04-14)","platform":"x86_64-linux","engine":"ruby","publisher":"stripe","uname":"Linux
        version 6.14.0-33-generic (buildd@lcy02-amd64-026) (x86_64-linux-gnu-gcc-13
        (Ubuntu 13.3.0-6ubuntu2~24.04) 13.3.0, GNU ld (GNU Binutils for Ubuntu) 2.42)
        #33~24.04.1-Ubuntu SMP PREEMPT_DYNAMIC Fri Sep 19 17:02:30 UTC 2","hostname":"hsc-desk"}'
      Accept-Encoding:
      - gzip;q=1.0,deflate;q=0.6,identity;q=0.3
      Accept:
      - "*/*"
  response:
    status:
      code: 200
      message: OK
    headers:
      Server:
      - nginx
      Date:
      - Sat, 01 Nov 2025 15:08:41 GMT
      Content-Type:
      - application/json
      Content-Length:
      - '614'
      Connection:
      - keep-alive
      Access-Control-Allow-Credentials:
      - 'true'
      Access-Control-Allow-Methods:
      - GET, HEAD, PUT, PATCH, POST, DELETE
      Access-Control-Allow-Origin:
      - "*"
      Access-Control-Expose-Headers:
      - Request-Id, Stripe-Manage-Version, Stripe-Should-Retry, X-Stripe-External-Auth-Required,
        X-Stripe-Privileged-Session-Required
      Access-Control-Max-Age:
      - '300'
      Cache-Control:
      - no-cache, no-store
      Content-Security-Policy:
      - base-uri 'none'; default-src 'none'; form-action 'none'; frame-ancestors 'none';
        img-src 'self'; script-src 'self' 'report-<RPUSH_CONSUMER_FCM_FIREBASE_PROJECT_ID>';
        style-src 'self'; worker-src 'none'; upgrade-insecure-requests; report-uri
        https://q.stripe.com/csp-violation?q=Kq1p-QThgqKW9WENF7RB319whYiMk2tZT4COvTGD6-3ZqbS6A10fbrNrvHB1hMgH0ahDrFmYQDB_owww
      Idempotency-Key:
      - d41c3786-50be-4bbd-9508-eeb4c519e2b8
      Original-Request:
      - req_Sosie0b96PtvgQ
      Request-Id:
      - req_Sosie0b96PtvgQ
      Stripe-Should-Retry:
      - 'false'
      Stripe-Version:
      - '2023-10-16'
      Vary:
      - Origin
      X-Stripe-Priority-Routing-Enabled:
      - 'true'
      X-Stripe-Routing-Context-Priority-Tier:
      - api-testmode
      X-Wc:
      - ABGHIJ
      Strict-Transport-Security:
      - max-age=63072000; includeSubDomains; preload
    body:
      encoding: UTF-8
      string: |-
        {
          "id": "cus_TLNAbB1Lmfui1w",
          "object": "customer",
          "address": null,
          "balance": 0,
          "created": 1762009720,
          "currency": null,
          "default_source": null,
          "delinquent": false,
          "description": null,
          "discount": null,
          "email": null,
          "invoice_prefix": "YKIA4OTM",
          "invoice_settings": {
            "custom_fields": null,
            "default_payment_method": null,
            "footer": null,
            "rendering_options": null
          },
          "livemode": false,
          "metadata": {},
          "name": null,
          "next_invoice_sequence": 1,
          "phone": null,
          "preferred_locales": [],
          "shipping": null,
          "tax_exempt": "none",
          "test_clock": null
        }
  recorded_at: Sat, 01 Nov 2025 15:08:41 GMT
- request:
    method: post
    uri: https://api.stripe.com/v1/setup_intents
    body:
      encoding: UTF-8
      string: payment_method=pm_card_indiaRecurringMandateSetupAndRenewalsSuccess&customer=cus_TLNAbB1Lmfui1w&payment_method_types[0]=card&confirm=true&usage=off_session
    headers:
      User-Agent:
      - Stripe/v1 RubyBindings/12.5.0
      Authorization:
      - Bearer <STRIPE_API_KEY>
      Content-Type:
      - application/x-www-form-urlencoded
      X-Stripe-Client-Telemetry:
      - '{"last_request_metrics":{"request_id":"req_Sosie0b96PtvgQ","request_duration_ms":855}}'
      Idempotency-Key:
      - 3576fdbc-edd9-4adf-ac50-7eb27ac426d4
      Stripe-Version:
      - '2023-10-16'
      X-Stripe-Client-User-Agent:
      - '{"bindings_version":"12.5.0","lang":"ruby","lang_version":"3.4.3 p32 (2025-04-14)","platform":"x86_64-linux","engine":"ruby","publisher":"stripe","uname":"Linux
        version 6.14.0-33-generic (buildd@lcy02-amd64-026) (x86_64-linux-gnu-gcc-13
        (Ubuntu 13.3.0-6ubuntu2~24.04) 13.3.0, GNU ld (GNU Binutils for Ubuntu) 2.42)
        #33~24.04.1-Ubuntu SMP PREEMPT_DYNAMIC Fri Sep 19 17:02:30 UTC 2","hostname":"hsc-desk"}'
      Accept-Encoding:
      - gzip;q=1.0,deflate;q=0.6,identity;q=0.3
      Accept:
      - "*/*"
  response:
    status:
      code: 200
      message: OK
    headers:
      Server:
      - nginx
      Date:
      - Sat, 01 Nov 2025 15:08:42 GMT
      Content-Type:
      - application/json
      Content-Length:
      - '970'
      Connection:
      - keep-alive
      Access-Control-Allow-Credentials:
      - 'true'
      Access-Control-Allow-Methods:
      - GET, HEAD, PUT, PATCH, POST, DELETE
      Access-Control-Allow-Origin:
      - "*"
      Access-Control-Expose-Headers:
      - Request-Id, Stripe-Manage-Version, Stripe-Should-Retry, X-Stripe-External-Auth-Required,
        X-Stripe-Privileged-Session-Required
      Access-Control-Max-Age:
      - '300'
      Cache-Control:
      - no-cache, no-store
      Content-Security-Policy:
      - base-uri 'none'; default-src 'none'; form-action 'none'; frame-ancestors 'none';
        img-src 'self'; script-src 'self' 'report-<RPUSH_CONSUMER_FCM_FIREBASE_PROJECT_ID>';
        style-src 'self'; worker-src 'none'; upgrade-insecure-requests; report-uri
        https://q.stripe.com/csp-violation?q=Kq1p-QThgqKW9WENF7RB319whYiMk2tZT4COvTGD6-3ZqbS6A10fbrNrvHB1hMgH0ahDrFmYQDB_owww
      Idempotency-Key:
      - 3576fdbc-edd9-4adf-ac50-7eb27ac426d4
      Original-Request:
      - req_5UoVdu7iH8ldQD
      Request-Id:
      - req_5UoVdu7iH8ldQD
      Stripe-Should-Retry:
      - 'false'
      Stripe-Version:
      - '2023-10-16'
      Vary:
      - Origin
      X-Stripe-Priority-Routing-Enabled:
      - 'true'
      X-Stripe-Routing-Context-Priority-Tier:
      - api-testmode
      X-Wc:
      - ABGHIJ
      Strict-Transport-Security:
      - max-age=63072000; includeSubDomains; preload
    body:
      encoding: UTF-8
      string: |-
        {
          "id": "seti_1SOgQ1IBOqvOFDrfuzIIF3JD",
          "object": "setup_intent",
          "application": null,
          "automatic_payment_methods": null,
          "cancellation_reason": null,
          "client_secret": "seti_1SOgQ1IBOqvOFDrfuzIIF3JD_secret_TLNAt0dAS0WuEfccQRwkgwbtjVP1Tb0",
          "created": 1762009721,
          "customer": "cus_TLNAbB1Lmfui1w",
          "description": null,
          "excluded_payment_method_types": null,
          "flow_directions": null,
          "last_setup_error": null,
          "latest_attempt": "setatt_1SOgQ1IBOqvOFDrfk0k2SPuI",
          "livemode": false,
          "mandate": null,
          "metadata": {},
          "next_action": null,
          "on_behalf_of": null,
          "payment_method": "pm_1SOgQ1IBOqvOFDrfZWDE2ziY",
          "payment_method_configuration_details": null,
          "payment_method_options": {
            "card": {
              "mandate_options": null,
              "network": null,
              "request_three_d_secure": "automatic"
            }
          },
          "payment_method_types": [
            "card"
          ],
          "single_use_mandate": null,
          "status": "succeeded",
          "usage": "off_session"
        }
  recorded_at: Sat, 01 Nov 2025 15:08:42 GMT
- request:
    method: get
    uri: https://api.stripe.com/v1/payment_methods/pm_card_indiaRecurringMandateSetupAndRenewalsSuccess
    body:
      encoding: US-ASCII
      string: ''
    headers:
      User-Agent:
      - Stripe/v1 RubyBindings/12.5.0
      Authorization:
      - Bearer <STRIPE_API_KEY>
      Content-Type:
      - application/x-www-form-urlencoded
      X-Stripe-Client-Telemetry:
      - '{"last_request_metrics":{"request_id":"req_5UoVdu7iH8ldQD","request_duration_ms":1054}}'
      Stripe-Version:
      - '2023-10-16'
      X-Stripe-Client-User-Agent:
      - '{"bindings_version":"12.5.0","lang":"ruby","lang_version":"3.4.3 p32 (2025-04-14)","platform":"x86_64-linux","engine":"ruby","publisher":"stripe","uname":"Linux
        version 6.14.0-33-generic (buildd@lcy02-amd64-026) (x86_64-linux-gnu-gcc-13
        (Ubuntu 13.3.0-6ubuntu2~24.04) 13.3.0, GNU ld (GNU Binutils for Ubuntu) 2.42)
        #33~24.04.1-Ubuntu SMP PREEMPT_DYNAMIC Fri Sep 19 17:02:30 UTC 2","hostname":"hsc-desk"}'
      Accept-Encoding:
      - gzip;q=1.0,deflate;q=0.6,identity;q=0.3
      Accept:
      - "*/*"
  response:
    status:
      code: 200
      message: OK
    headers:
      Server:
      - nginx
      Date:
      - Sat, 01 Nov 2025 15:08:42 GMT
      Content-Type:
      - application/json
      Content-Length:
      - '1055'
      Connection:
      - keep-alive
      Access-Control-Allow-Credentials:
      - 'true'
      Access-Control-Allow-Methods:
      - GET, HEAD, PUT, PATCH, POST, DELETE
      Access-Control-Allow-Origin:
      - "*"
      Access-Control-Expose-Headers:
      - Request-Id, Stripe-Manage-Version, Stripe-Should-Retry, X-Stripe-External-Auth-Required,
        X-Stripe-Privileged-Session-Required
      Access-Control-Max-Age:
      - '300'
      Cache-Control:
      - no-cache, no-store
      Content-Security-Policy:
      - base-uri 'none'; default-src 'none'; form-action 'none'; frame-ancestors 'none';
        img-src 'self'; script-src 'self' 'report-<RPUSH_CONSUMER_FCM_FIREBASE_PROJECT_ID>';
        style-src 'self'; worker-src 'none'; upgrade-insecure-requests; report-uri
        https://q.stripe.com/csp-violation?q=Kq1p-QThgqKW9WENF7RB319whYiMk2tZT4COvTGD6-3ZqbS6A10fbrNrvHB1hMgH0ahDrFmYQDB_owww
      Request-Id:
      - req_DMAAF08t1Ub8hu
      Stripe-Version:
      - '2023-10-16'
      Vary:
      - Origin
      X-Stripe-Priority-Routing-Enabled:
      - 'true'
      X-Stripe-Routing-Context-Priority-Tier:
      - api-testmode
      X-Wc:
      - ABGHIJ
      Strict-Transport-Security:
      - max-age=63072000; includeSubDomains; preload
    body:
      encoding: UTF-8
      string: |-
        {
          "id": "pm_1SOgQ2IBOqvOFDrfN85JjYA9",
          "object": "payment_method",
          "allow_redisplay": "unspecified",
          "billing_details": {
            "address": {
              "city": null,
              "country": null,
              "line1": null,
              "line2": null,
              "postal_code": null,
              "state": null
            },
            "email": null,
            "name": null,
            "phone": null,
            "tax_id": null
          },
          "card": {
            "brand": "visa",
            "checks": {
              "address_line1_check": null,
              "address_postal_code_check": null,
              "cvc_check": "unchecked"
            },
            "country": "IN",
            "display_brand": "visa",
            "exp_month": 11,
            "exp_year": 2026,
            "fingerprint": "hYEJM5n23nQzebTI",
            "funding": "credit",
            "generated_from": null,
            "last4": "0123",
            "networks": {
              "available": [
                "visa"
              ],
              "preferred": null
            },
            "regulated_status": "unregulated",
            "three_d_secure_usage": {
              "supported": true
            },
            "wallet": null
          },
          "created": 1762009722,
          "customer": null,
          "livemode": false,
          "metadata": {},
          "type": "card"
        }
  recorded_at: Sat, 01 Nov 2025 15:08:42 GMT
- request:
    method: post
    uri: https://api.stripe.com/v1/payment_intents
    body:
      encoding: UTF-8
      string: amount=599&currency=usd&description=You+bought+http%3A%2F%2Fedgarddb0782a20.test.gumroad.com%3A31337%2Fl%2Fm%21&metadata[purchase]=mT9W8992ZudoQbbfNAOSjw%3D%3D&transfer_group=4514&payment_method_types[0]=card&off_session=false&setup_future_usage=off_session&payment_method_options[card][mandate_options][reference]=Mandate-17eda6f6a8b3d2c20c3d232258b982f5&payment_method_options[card][mandate_options][amount_type]=maximum&payment_method_options[card][mandate_options][amount]=599&payment_method_options[card][mandate_options][start_date]=1762009722&payment_method_options[card][mandate_options][interval]=sporadic&payment_method_options[card][mandate_options][interval_count]=1&payment_method_options[card][mandate_options][supported_types][0]=india&payment_method_options[card][request_three_d_secure]=any&customer=cus_TLNAbB1Lmfui1w&payment_method=pm_card_indiaRecurringMandateSetupAndRenewalsSuccess&statement_descriptor_suffix=edgarddb0782a20
    headers:
      User-Agent:
      - Stripe/v1 RubyBindings/12.5.0
      Authorization:
      - Bearer <STRIPE_API_KEY>
      Content-Type:
      - application/x-www-form-urlencoded
      X-Stripe-Client-Telemetry:
      - '{"last_request_metrics":{"request_id":"req_DMAAF08t1Ub8hu","request_duration_ms":378}}'
      Idempotency-Key:
      - 19b506c1-3c07-404f-a17b-f1206ab43d15
      Stripe-Version:
      - '2023-10-16'
      X-Stripe-Client-User-Agent:
      - '{"bindings_version":"12.5.0","lang":"ruby","lang_version":"3.4.3 p32 (2025-04-14)","platform":"x86_64-linux","engine":"ruby","publisher":"stripe","uname":"Linux
        version 6.14.0-33-generic (buildd@lcy02-amd64-026) (x86_64-linux-gnu-gcc-13
        (Ubuntu 13.3.0-6ubuntu2~24.04) 13.3.0, GNU ld (GNU Binutils for Ubuntu) 2.42)
        #33~24.04.1-Ubuntu SMP PREEMPT_DYNAMIC Fri Sep 19 17:02:30 UTC 2","hostname":"hsc-desk"}'
      Accept-Encoding:
      - gzip;q=1.0,deflate;q=0.6,identity;q=0.3
      Accept:
      - "*/*"
  response:
    status:
      code: 200
      message: OK
    headers:
      Server:
      - nginx
      Date:
      - Sat, 01 Nov 2025 15:08:43 GMT
      Content-Type:
      - application/json
      Content-Length:
      - '1860'
      Connection:
      - keep-alive
      Access-Control-Allow-Credentials:
      - 'true'
      Access-Control-Allow-Methods:
      - GET, HEAD, PUT, PATCH, POST, DELETE
      Access-Control-Allow-Origin:
      - "*"
      Access-Control-Expose-Headers:
      - Request-Id, Stripe-Manage-Version, Stripe-Should-Retry, X-Stripe-External-Auth-Required,
        X-Stripe-Privileged-Session-Required
      Access-Control-Max-Age:
      - '300'
      Cache-Control:
      - no-cache, no-store
      Content-Security-Policy:
      - base-uri 'none'; default-src 'none'; form-action 'none'; frame-ancestors 'none';
        img-src 'self'; script-src 'self' 'report-<RPUSH_CONSUMER_FCM_FIREBASE_PROJECT_ID>';
        style-src 'self'; worker-src 'none'; upgrade-insecure-requests; report-uri
        https://q.stripe.com/csp-violation?q=Kq1p-QThgqKW9WENF7RB319whYiMk2tZT4COvTGD6-3ZqbS6A10fbrNrvHB1hMgH0ahDrFmYQDB_owww
      Idempotency-Key:
      - 19b506c1-3c07-404f-a17b-f1206ab43d15
      Original-Request:
      - req_4VpNNHFy6iHiBW
      Request-Id:
      - req_4VpNNHFy6iHiBW
      Stripe-Should-Retry:
      - 'false'
      Stripe-Version:
      - '2023-10-16'
      Vary:
      - Origin
      X-Stripe-Priority-Routing-Enabled:
      - 'true'
      X-Stripe-Routing-Context-Priority-Tier:
      - api-testmode
      X-Wc:
      - ABGHIJ
      Strict-Transport-Security:
      - max-age=63072000; includeSubDomains; preload
    body:
      encoding: UTF-8
      string: |-
        {
          "id": "pi_3SOgQ3IBOqvOFDrf0JmFzijD",
          "object": "payment_intent",
          "amount": 599,
          "amount_capturable": 0,
          "amount_details": {
            "tip": {}
          },
          "amount_received": 0,
          "application": null,
          "application_fee_amount": null,
          "automatic_payment_methods": null,
          "canceled_at": null,
          "cancellation_reason": null,
          "capture_method": "automatic",
          "client_secret": "pi_3SOgQ3IBOqvOFDrf0JmFzijD_secret_726rNCbGcbMlOB7MoW6SpIteC",
          "confirmation_method": "automatic",
          "created": 1762009723,
          "currency": "usd",
          "customer": "cus_TLNAbB1Lmfui1w",
          "description": "You bought http://edgarddb0782a20.test.gumroad.com:31337/l/m!",
          "excluded_payment_method_types": null,
          "invoice": null,
          "last_payment_error": null,
          "latest_charge": null,
          "livemode": false,
          "metadata": {
            "purchase": "mT9W8992ZudoQbbfNAOSjw=="
          },
          "next_action": null,
          "on_behalf_of": null,
          "payment_method": "pm_1SOgQ3IBOqvOFDrfcMipe88V",
          "payment_method_configuration_details": null,
          "payment_method_options": {
            "card": {
              "installments": null,
              "mandate_options": {
                "amount": 599,
                "amount_type": "maximum",
                "description": null,
                "end_date": null,
                "interval": "sporadic",
                "interval_count": 1,
                "reference": "Mandate-17eda6f6a8b3d2c20c3d232258b982f5",
                "start_date": 1762009722,
                "supported_types": [
                  "india"
                ]
              },
              "network": null,
              "request_three_d_secure": "any"
            }
          },
          "payment_method_types": [
            "card"
          ],
          "processing": null,
          "receipt_email": null,
          "review": null,
          "setup_future_usage": "off_session",
          "shipping": null,
          "source": null,
          "statement_descriptor": null,
          "statement_descriptor_suffix": "edgarddb0782a20",
          "status": "requires_confirmation",
          "transfer_data": null,
          "transfer_group": "4514"
        }
  recorded_at: Sat, 01 Nov 2025 15:08:43 GMT
- request:
    method: post
    uri: https://api.stripe.com/v1/payment_intents/pi_3SOgQ3IBOqvOFDrf0JmFzijD/confirm
    body:
      encoding: US-ASCII
      string: ''
    headers:
      User-Agent:
      - Stripe/v1 RubyBindings/12.5.0
      Authorization:
      - Bearer <STRIPE_API_KEY>
      Content-Type:
      - application/x-www-form-urlencoded
      X-Stripe-Client-Telemetry:
      - '{"last_request_metrics":{"request_id":"req_4VpNNHFy6iHiBW","request_duration_ms":472}}'
      Idempotency-Key:
      - 23398090-bac7-473c-8235-f02bb4f0e00f
      Stripe-Version:
      - '2023-10-16'
      X-Stripe-Client-User-Agent:
      - '{"bindings_version":"12.5.0","lang":"ruby","lang_version":"3.4.3 p32 (2025-04-14)","platform":"x86_64-linux","engine":"ruby","publisher":"stripe","uname":"Linux
        version 6.14.0-33-generic (buildd@lcy02-amd64-026) (x86_64-linux-gnu-gcc-13
        (Ubuntu 13.3.0-6ubuntu2~24.04) 13.3.0, GNU ld (GNU Binutils for Ubuntu) 2.42)
        #33~24.04.1-Ubuntu SMP PREEMPT_DYNAMIC Fri Sep 19 17:02:30 UTC 2","hostname":"hsc-desk"}'
      Accept-Encoding:
      - gzip;q=1.0,deflate;q=0.6,identity;q=0.3
      Accept:
      - "*/*"
  response:
    status:
      code: 200
      message: OK
    headers:
      Server:
      - nginx
      Date:
      - Sat, 01 Nov 2025 15:08:43 GMT
      Content-Type:
      - application/json
      Content-Length:
      - '6778'
      Connection:
      - keep-alive
      Access-Control-Allow-Credentials:
      - 'true'
      Access-Control-Allow-Methods:
      - GET, HEAD, PUT, PATCH, POST, DELETE
      Access-Control-Allow-Origin:
      - "*"
      Access-Control-Expose-Headers:
      - Request-Id, Stripe-Manage-Version, Stripe-Should-Retry, X-Stripe-External-Auth-Required,
        X-Stripe-Privileged-Session-Required
      Access-Control-Max-Age:
      - '300'
      Cache-Control:
      - no-cache, no-store
      Content-Security-Policy:
      - base-uri 'none'; default-src 'none'; form-action 'none'; frame-ancestors 'none';
        img-src 'self'; script-src 'self' 'report-<RPUSH_CONSUMER_FCM_FIREBASE_PROJECT_ID>';
        style-src 'self'; worker-src 'none'; upgrade-insecure-requests; report-uri
        https://q.stripe.com/csp-violation?q=Kq1p-QThgqKW9WENF7RB319whYiMk2tZT4COvTGD6-3ZqbS6A10fbrNrvHB1hMgH0ahDrFmYQDB_owww
      Idempotency-Key:
      - 23398090-bac7-473c-8235-f02bb4f0e00f
      Original-Request:
      - req_7U880tStewoo2G
      Request-Id:
      - req_7U880tStewoo2G
      Stripe-Should-Retry:
      - 'false'
      Stripe-Version:
      - '2023-10-16'
      Vary:
      - Origin
      X-Stripe-Priority-Routing-Enabled:
      - 'true'
      X-Stripe-Routing-Context-Priority-Tier:
      - api-testmode
      X-Wc:
      - ABGHIJ
      Strict-Transport-Security:
      - max-age=63072000; includeSubDomains; preload
    body:
      encoding: UTF-8
      string: |-
        {
          "id": "pi_3SOgQ3IBOqvOFDrf0JmFzijD",
          "object": "payment_intent",
          "amount": 599,
          "amount_capturable": 0,
          "amount_details": {
            "tip": {}
          },
          "amount_received": 0,
          "application": null,
          "application_fee_amount": null,
          "automatic_payment_methods": null,
          "canceled_at": null,
          "cancellation_reason": null,
          "capture_method": "automatic",
          "client_secret": "pi_3SOgQ3IBOqvOFDrf0JmFzijD_secret_726rNCbGcbMlOB7MoW6SpIteC",
          "confirmation_method": "automatic",
          "created": 1762009723,
          "currency": "usd",
          "customer": "cus_TLNAbB1Lmfui1w",
          "description": "You bought http://edgarddb0782a20.test.gumroad.com:31337/l/m!",
          "excluded_payment_method_types": null,
          "invoice": null,
          "last_payment_error": null,
          "latest_charge": null,
          "livemode": false,
          "metadata": {
            "purchase": "mT9W8992ZudoQbbfNAOSjw=="
          },
          "next_action": {
            "type": "use_stripe_sdk",
            "use_stripe_sdk": {
              "directory_server_encryption": {
                "algorithm": "RSA",
                "certificate": "-----BEGIN CERTIFICATE-----\nMIIGAzCCA+ugAwIBAgIQNyg9v/wemJMz4m18kdvt6zANBgkqhkiG9w0BAQsFADB2\nMQswCQYDVQQGEwJVUzENMAsGA1UECgwEVklTQTEvMC0GA1UECwwmVmlzYSBJbnRl\ncm5hdGlvbmFsIFNlcnZpY2UgQXNzb2NpYXRpb24xJzAlBgNVBAMMHlZpc2EgZUNv\nbW1lcmNlIElzc3VpbmcgQ0EgLSBHMjAeFw0yNDAyMjcyMjQ0MDNaFw0yNzAyMjYy\nMjQ0MDJaMIGhMRgwFgYDVQQHDA9IaWdobGFuZHMgUmFuY2gxETAPBgNVBAgMCENv\nbG9yYWRvMQswCQYDVQQGEwJVUzENMAsGA1UECgwEVklTQTEvMC0GA1UECwwmVmlz\nYSBJbnRlcm5hdGlvbmFsIFNlcnZpY2UgQXNzb2NpYXRpb24xJTAjBgNVBAMMHDNk\nczIucnNhLmVuY3J5cHRpb24udmlzYS5jb20wggEiMA0GCSqGSIb3DQEBAQUAA4IB\nDwAwggEKAoIBAQCSABLI5aAnf8Cypn/sKETE+U3e3YruYzUkqNpEMH0sPMpCAW1V\n33xiklm5R0S3ZFOEzzlmL22tRyjXaB6/WJUa66ajRz2DiY8+7x5CcMJNVlwqS6OG\nTlmvXGOxPXIVz6hxCsAb7mKS7cnpGpkjVD/Oe4u8ZmeUrcPWKdeH+e5BfeWp2Iel\nh89pU4tpJ84PlPTlLjZ3TLa2OutFLsMBExcr4ipWnEcbpkzvAPBRABBVZbkWTA9i\nVM9v5MXIJGzXDsQVJEOgxm/kyQXeO3JtNytYOaQ6sQi+z9gF32plP3hsrUQ2jJ3H\nCnZmOyrHl8tQWxhAIMZ/WHogpvEGufi14eyBAgMBAAGjggFfMIIBWzAMBgNVHRMB\nAf8EAjAAMB8GA1UdIwQYMBaAFL0nYyikrlS3yCO3wTVCF+nGeF+FMGcGCCsGAQUF\nBwEBBFswWTAwBggrBgEFBQcwAoYkaHR0cDovL2Vucm9sbC52aXNhY2EuY29tL2VD\nb21tRzIuY3J0MCUGCCsGAQUFBzABhhlodHRwOi8vb2NzcC52aXNhLmNvbS9vY3Nw\nMEYGA1UdIAQ/MD0wMQYIKwYBBQUHAgEwJTAjBggrBgEFBQcCARYXaHR0cDovL3d3\ndy52aXNhLmNvbS9wa2kwCAYGZ4EDAQEBMBMGA1UdJQQMMAoGCCsGAQUFBwMCMDUG\nA1UdHwQuMCwwKqAooCaGJGh0dHA6Ly9lbnJvbGwudmlzYWNhLmNvbS9lQ29tbUcy\nLmNybDAdBgNVHQ4EFgQU6gD/Z5m2gw4n676qt4jXOWr8ynowDgYDVR0PAQH/BAQD\nAgSwMA0GCSqGSIb3DQEBCwUAA4ICAQBumWXGS/uaaajte2gI3xCpsuewmihQKvKq\nOhaOc+wgdfwIkEAXdJIc33n2j/iaT5Lusi09ezZpBB80C6KQVr5Fs10SX0hlBCvT\n9MGYFwFtYUgi5OenqYsXc8BdmiE0bFiSXZ7XfxWuvYjis4LOubMr48yVyyEynWWb\nSGr7rTJztraOFjsykK16x946YXi/LswEP9RtDiOBNJ9cBVcOP+u8Q+dEzA5A63Ay\nA2Z/5m/pyCIWMSYGMtM0RANUp9gp7cEXaMpwKWfrW6ZanF60IoGlmRHilGU4rvm7\ntd4yJTfwxtkmh4w/IPiqI/OaXj5iG8hCo8a9FTnGahIcij8c1UWzQ3/A7o99AUwy\n1Xi9JnNiXYVM1bfQalK0DKsLqRiS6rzPfwMUxj2+ALnhcrnSdPnZgVxiQB7kvfi3\nHFXHoGhmMHHj8tlURqUQzpJcCz1QOy5c9SCc/M8Xu+eRsCnJrtvvDxriLWfDDM9M\n8/8JsiBP+DF6omCb6J4ryEulcVPnVAAZNlNtaUadPYnCJfB0p67jWkHa5NvQdZGW\naT1tvo9DqjI7zLf9Km0qqkK51gwYDnsy14pYvfeEwL9O9aepFa7x08bM3272xqNK\neGHXFK/zUVxYY5uxukcqYAdhAvx7f6d0J6Nr8jPxo6UNXKiFH9leGPPzx9oNugts\nz6qck4YdAQ==\n-----END CERTIFICATE-----\n",
                "directory_server_id": "A000000003",
                "root_certificate_authorities": [
                  "-----BEGIN CERTIFICATE-----\nMIIFqTCCA5GgAwIBAgIPUT6WAAAA20Qn7qzgvuFIMA0GCSqGSIb3DQEBCwUAMG8x\nCzAJBgNVBAYTAlVTMQ0wCwYDVQQKDARWSVNBMS8wLQYDVQQLDCZWaXNhIEludGVy\nbmF0aW9uYWwgU2VydmljZSBBc3NvY2lhdGlvbjEgMB4GA1UEAwwXVmlzYSBQdWJs\naWMgUlNBIFJvb3QgQ0EwHhcNMjEwMzE2MDAwMDAwWhcNNDEwMzE1MDAwMDAwWjBv\nMQswCQYDVQQGEwJVUzENMAsGA1UECgwEVklTQTEvMC0GA1UECwwmVmlzYSBJbnRl\ncm5hdGlvbmFsIFNlcnZpY2UgQXNzb2NpYXRpb24xIDAeBgNVBAMMF1Zpc2EgUHVi\nbGljIFJTQSBSb290IENBMIICIjANBgkqhkiG9w0BAQEFAAOCAg8AMIICCgKCAgEA\n2WEbXLS3gI6LOY93bP7Kz6EO9L1QXlr8l+fTkJWZldJ6QuwZ1cv4369tfjeJ8O5w\nSJiDcVw7eNdOP73LfAtwHlTnUnb0e9ILTTipc5bkNnAevocrJACsrpiQ8jBI9ttp\ncqKUeJgzW4Ie25ypirKroVD42b4E0iICK2cZ5QfD4BSzUnftp4Bqh8AfpGvG1lre\nCaD53qrsy5SUadY/NaeUGOkqdPvDSNoDIdrbExwnZaSFUmjQT1svKwMqGo2GFrgJ\n4cULEp4NNj5rga8YTTZ7Xo5MblHrLpSPOmJev30KWi/BcbvtCNYNWBTg7UMzP3cK\nMQ1pGLvG2PgvFTZSRvH3QzngJRgrDYYOJ6kj9ave+6yOOFqj80ZCuH0Nugt2mMS3\nc3+Nksaw+6H3cQPsE/Gv5zjfsKleRhEFtE1gyrdUg1DMgu8o/YhKM7FAqkXUn74z\nwoRFgx3Mi5OaGTQbg+NlwJgR4sVHXCV4s9b8PjneLhzWMn353SFARF9dnO7LDBqq\ntT6WltJu1z9x2Ze0UVNZvxKGcyCkLody29O8j9/MGZ8SOSUu4U6NHrebKuuf9Fht\nn6PqQ4ppkhy6sReXeV5NVGfVpDYY5ZAKEWqTYgMULWpQ2Py4BGpFzBe07jXkyulR\npoKvz14iXeA0oq16c94DrFYX0jmrWLeU4a/TCZQLFIsCAwEAAaNCMEAwHQYDVR0O\nBBYEFEtNpg77oBHorQvi8PMKAC+sixb7MA8GA1UdEwEB/wQFMAMBAf8wDgYDVR0P\nAQH/BAQDAgEGMA0GCSqGSIb3DQEBCwUAA4ICAQC5BU9qQSZYPcgCp2x0Juq59kMm\nXuBly094DaEnPqvtCgwwAirkv8x8/QSOxiWWiu+nveyuR+j6Gz/fJaV4u+J5QEDy\ncfk605Mw3HIcJOeZvDgk1eyOmQwUP6Z/BdQTNJmZ92Z8dcG5yWCxLBrqPH7ro3Ss\njhYq9duIJU7jfizCJCN4W8tp0D2pWBe1/CYNswP4GMs5jQ5+ZQKN/L5JFdwVTu7X\nPt8b5zfgbmmQpVmUn0oFwm3OI++Z6gEpNmW5bd/2oUIZoG96Qff2fauVMAYiWQvN\nnL3y1gkRguTOSMVUCCiGfdvwu5ygowillvV2nHb7+YibQ9N5Z2spP0o9Zlfzoat2\n7WFpyK47TiUdu/4toarLKGZP+hbA/F4xlnM/8EfZkE1DeTTI0lhN3O8yEsHrtRl1\nOuQZ/IexHO8UGU6jvn4TWo10HYeXzrGckL7oIXfGTrjPzfY62T5HDW/BAEZS+9Tk\nijz25YM0fPPz7IdlEG+k4q4YwZ82j73Y9kDEM5423mrWorq/Bq7I5Y8v0LTY9GWH\nYrpElYf0WdOXAbsfwQiT6qnRio+p82VyqlY8Jt6VVA6CDy/iHKwcj1ELEnDQfVv9\nhedoxmnQ6xe/nK8czclu9hQJRv5Lh9gk9Q8DKK2nmgzZ8SSQ+lr3mSSeY8JOMRlE\n+RKdOQIChWthTJKh7w==\n-----END CERTIFICATE-----\n"
                ]
              },
              "directory_server_name": "visa",
              "merchant": "acct_1SNEgsIBOqvOFDrf",
              "one_click_authn": null,
              "server_transaction_id": "4796e119-7a83-402f-93a2-dac9274bca53",
              "three_d_secure_2_source": "payatt_3SOgQ3IBOqvOFDrf0NYDPeTb",
              "three_ds_frontend_optimizations": null,
              "three_ds_method_url": "",
              "three_ds_optimizations": "kf",
              "type": "stripe_3ds2_fingerprint"
            }
          },
          "on_behalf_of": null,
          "payment_method": "pm_1SOgQ3IBOqvOFDrfcMipe88V",
          "payment_method_configuration_details": null,
          "payment_method_options": {
            "card": {
              "installments": null,
              "mandate_options": {
                "amount": 599,
                "amount_type": "maximum",
                "description": null,
                "end_date": null,
                "interval": "sporadic",
                "interval_count": 1,
                "reference": "Mandate-17eda6f6a8b3d2c20c3d232258b982f5",
                "start_date": 1762009722,
                "supported_types": [
                  "india"
                ]
              },
              "network": null,
              "request_three_d_secure": "any"
            }
          },
          "payment_method_types": [
            "card"
          ],
          "processing": null,
          "receipt_email": null,
          "review": null,
          "setup_future_usage": "off_session",
          "shipping": null,
          "source": null,
          "statement_descriptor": null,
          "statement_descriptor_suffix": "edgarddb0782a20",
          "status": "requires_action",
          "transfer_data": null,
          "transfer_group": "4514"
        }
  recorded_at: Sat, 01 Nov 2025 15:08:44 GMT
recorded_with: VCR 6.2.0
