---
http_interactions:
- request:
    method: get
    uri: https://api.stripe.com/v1/tokens/tok_visa_debit
    body:
      encoding: US-ASCII
      string: ''
    headers:
      User-Agent:
      - Stripe/v1 RubyBindings/12.5.0
      Authorization:
      - Bearer <STRIPE_API_KEY>
      Content-Type:
      - application/x-www-form-urlencoded
      Stripe-Version:
      - '2023-10-16'
      X-Stripe-Client-User-Agent:
      - '{"bindings_version":"12.5.0","lang":"ruby","lang_version":"3.4.3 p32 (2025-04-14)","platform":"x86_64-linux","engine":"ruby","publisher":"stripe","uname":"Linux
        version 6.14.0-33-generic (buildd@lcy02-amd64-026) (x86_64-linux-gnu-gcc-13
        (Ubuntu 13.3.0-6ubuntu2~24.04) 13.3.0, GNU ld (GNU Binutils for Ubuntu) 2.42)
        #33~24.04.1-Ubuntu SMP PREEMPT_DYNAMIC Fri Sep 19 17:02:30 UTC 2","hostname":"hsc-desk"}'
      Accept-Encoding:
      - gzip;q=1.0,deflate;q=0.6,identity;q=0.3
      Accept:
      - "*/*"
  response:
    status:
      code: 200
      message: OK
    headers:
      Server:
      - nginx
      Date:
      - Sat, 01 Nov 2025 15:00:47 GMT
      Content-Type:
      - application/json
      Content-Length:
      - '937'
      Connection:
      - keep-alive
      Access-Control-Allow-Credentials:
      - 'true'
      Access-Control-Allow-Methods:
      - GET, HEAD, PUT, PATCH, POST, DELETE
      Access-Control-Allow-Origin:
      - "*"
      Access-Control-Expose-Headers:
      - Request-Id, Stripe-Manage-Version, Stripe-Should-Retry, X-Stripe-External-Auth-Required,
        X-Stripe-Privileged-Session-Required
      Access-Control-Max-Age:
      - '300'
      Cache-Control:
      - no-cache, no-store
      Content-Security-Policy:
      - base-uri 'none'; default-src 'none'; form-action 'none'; frame-ancestors 'none';
        img-src 'self'; script-src 'self' 'report-<RPUSH_CONSUMER_FCM_FIREBASE_PROJECT_ID>';
        style-src 'self'; worker-src 'none'; upgrade-insecure-requests; report-uri
        https://q.stripe.com/csp-violation?q=UoiIFSuPSJSk65BFNfwOZEy96oi-i_FA6yGmaafDf-oMEK8att0NrUmptucYo5GUSIKtDf_SMMvwB-pt
      Request-Id:
      - req_r2DCyIu0FKH8sk
      Stripe-Version:
      - '2023-10-16'
      Vary:
      - Origin
      X-Stripe-Priority-Routing-Enabled:
      - 'true'
      X-Stripe-Routing-Context-Priority-Tier:
      - api-testmode
      X-Wc:
      - ABGHIJ
      Strict-Transport-Security:
      - max-age=63072000; includeSubDomains; preload
    body:
      encoding: UTF-8
      string: |-
        {
          "id": "tok_1SOgINIBOqvOFDrfDdjjxTD8",
          "object": "token",
          "card": {
            "id": "card_1SOgINIBOqvOFDrfbuyImIP3",
            "object": "card",
            "address_city": null,
            "address_country": null,
            "address_line1": null,
            "address_line1_check": null,
            "address_line2": null,
            "address_state": null,
            "address_zip": null,
            "address_zip_check": null,
            "brand": "Visa",
            "country": "US",
            "currency": "usd",
            "cvc_check": "unchecked",
            "dynamic_last4": null,
            "email": null,
            "exp_month": 11,
            "exp_year": 2026,
            "fingerprint": "ZKA785EqNIB6mi55",
            "funding": "debit",
            "last4": "5556",
            "metadata": {},
            "name": null,
            "networks": {
              "preferred": null
            },
            "phone": null,
            "regulated_status": "unregulated",
            "tokenization_method": null,
            "wallet": null
          },
          "client_ip": null,
          "created": 1762009247,
          "livemode": false,
          "type": "card",
          "used": false
        }
  recorded_at: Sat, 01 Nov 2025 15:00:47 GMT
- request:
    method: get
    uri: https://api.stripe.com/v1/tokens/tok_1SOgINIBOqvOFDrfDdjjxTD8
    body:
      encoding: US-ASCII
      string: ''
    headers:
      User-Agent:
      - Stripe/v1 RubyBindings/12.5.0
      Authorization:
      - Bearer <STRIPE_API_KEY>
      Content-Type:
      - application/x-www-form-urlencoded
      X-Stripe-Client-Telemetry:
      - '{"last_request_metrics":{"request_id":"req_r2DCyIu0FKH8sk","request_duration_ms":515}}'
      Stripe-Version:
      - '2023-10-16'
      X-Stripe-Client-User-Agent:
      - '{"bindings_version":"12.5.0","lang":"ruby","lang_version":"3.4.3 p32 (2025-04-14)","platform":"x86_64-linux","engine":"ruby","publisher":"stripe","uname":"Linux
        version 6.14.0-33-generic (buildd@lcy02-amd64-026) (x86_64-linux-gnu-gcc-13
        (Ubuntu 13.3.0-6ubuntu2~24.04) 13.3.0, GNU ld (GNU Binutils for Ubuntu) 2.42)
        #33~24.04.1-Ubuntu SMP PREEMPT_DYNAMIC Fri Sep 19 17:02:30 UTC 2","hostname":"hsc-desk"}'
      Accept-Encoding:
      - gzip;q=1.0,deflate;q=0.6,identity;q=0.3
      Accept:
      - "*/*"
  response:
    status:
      code: 200
      message: OK
    headers:
      Server:
      - nginx
      Date:
      - Sat, 01 Nov 2025 15:00:47 GMT
      Content-Type:
      - application/json
      Content-Length:
      - '937'
      Connection:
      - keep-alive
      Access-Control-Allow-Credentials:
      - 'true'
      Access-Control-Allow-Methods:
      - GET, HEAD, PUT, PATCH, POST, DELETE
      Access-Control-Allow-Origin:
      - "*"
      Access-Control-Expose-Headers:
      - Request-Id, Stripe-Manage-Version, Stripe-Should-Retry, X-Stripe-External-Auth-Required,
        X-Stripe-Privileged-Session-Required
      Access-Control-Max-Age:
      - '300'
      Cache-Control:
      - no-cache, no-store
      Content-Security-Policy:
      - base-uri 'none'; default-src 'none'; form-action 'none'; frame-ancestors 'none';
        img-src 'self'; script-src 'self' 'report-<RPUSH_CONSUMER_FCM_FIREBASE_PROJECT_ID>';
        style-src 'self'; worker-src 'none'; upgrade-insecure-requests; report-uri
        https://q.stripe.com/csp-violation?q=a5Qc9MWu36UYyQ56XkuHOLdsePctTeHbWN4rZYWkfLmCvFkqtKCfxjq5KA1xV3SEPy9N8iah0JH9-lm0
      Request-Id:
      - req_C7KI40lSklC4HH
      Stripe-Version:
      - '2023-10-16'
      Vary:
      - Origin
      X-Stripe-Priority-Routing-Enabled:
      - 'true'
      X-Stripe-Routing-Context-Priority-Tier:
      - api-testmode
      X-Wc:
      - ABGHIJ
      Strict-Transport-Security:
      - max-age=63072000; includeSubDomains; preload
    body:
      encoding: UTF-8
      string: |-
        {
          "id": "tok_1SOgINIBOqvOFDrfDdjjxTD8",
          "object": "token",
          "card": {
            "id": "card_1SOgINIBOqvOFDrfbuyImIP3",
            "object": "card",
            "address_city": null,
            "address_country": null,
            "address_line1": null,
            "address_line1_check": null,
            "address_line2": null,
            "address_state": null,
            "address_zip": null,
            "address_zip_check": null,
            "brand": "Visa",
            "country": "US",
            "currency": "usd",
            "cvc_check": "unchecked",
            "dynamic_last4": null,
            "email": null,
            "exp_month": 11,
            "exp_year": 2026,
            "fingerprint": "ZKA785EqNIB6mi55",
            "funding": "debit",
            "last4": "5556",
            "metadata": {},
            "name": null,
            "networks": {
              "preferred": null
            },
            "phone": null,
            "regulated_status": "unregulated",
            "tokenization_method": null,
            "wallet": null
          },
          "client_ip": null,
          "created": 1762009247,
          "livemode": false,
          "type": "card",
          "used": false
        }
  recorded_at: Sat, 01 Nov 2025 15:00:47 GMT
- request:
    method: post
    uri: https://api.stripe.com/v1/customers
    body:
      encoding: UTF-8
      string: description=&card=tok_1SOgINIBOqvOFDrfDdjjxTD8&expand[0]=sources
    headers:
      User-Agent:
      - Stripe/v1 RubyBindings/12.5.0
      Authorization:
      - Bearer <STRIPE_API_KEY>
      Content-Type:
      - application/x-www-form-urlencoded
      X-Stripe-Client-Telemetry:
      - '{"last_request_metrics":{"request_id":"req_C7KI40lSklC4HH","request_duration_ms":475}}'
      Idempotency-Key:
      - '08c5d001-fb50-44a3-a45a-80c7d14006b9'
      Stripe-Version:
      - '2023-10-16'
      X-Stripe-Client-User-Agent:
      - '{"bindings_version":"12.5.0","lang":"ruby","lang_version":"3.4.3 p32 (2025-04-14)","platform":"x86_64-linux","engine":"ruby","publisher":"stripe","uname":"Linux
        version 6.14.0-33-generic (buildd@lcy02-amd64-026) (x86_64-linux-gnu-gcc-13
        (Ubuntu 13.3.0-6ubuntu2~24.04) 13.3.0, GNU ld (GNU Binutils for Ubuntu) 2.42)
        #33~24.04.1-Ubuntu SMP PREEMPT_DYNAMIC Fri Sep 19 17:02:30 UTC 2","hostname":"hsc-desk"}'
      Accept-Encoding:
      - gzip;q=1.0,deflate;q=0.6,identity;q=0.3
      Accept:
      - "*/*"
  response:
    status:
      code: 200
      message: OK
    headers:
      Server:
      - nginx
      Date:
      - Sat, 01 Nov 2025 15:00:48 GMT
      Content-Type:
      - application/json
      Content-Length:
      - '1685'
      Connection:
      - keep-alive
      Access-Control-Allow-Credentials:
      - 'true'
      Access-Control-Allow-Methods:
      - GET, HEAD, PUT, PATCH, POST, DELETE
      Access-Control-Allow-Origin:
      - "*"
      Access-Control-Expose-Headers:
      - Request-Id, Stripe-Manage-Version, Stripe-Should-Retry, X-Stripe-External-Auth-Required,
        X-Stripe-Privileged-Session-Required
      Access-Control-Max-Age:
      - '300'
      Cache-Control:
      - no-cache, no-store
      Content-Security-Policy:
      - base-uri 'none'; default-src 'none'; form-action 'none'; frame-ancestors 'none';
        img-src 'self'; script-src 'self' 'report-<RPUSH_CONSUMER_FCM_FIREBASE_PROJECT_ID>';
        style-src 'self'; worker-src 'none'; upgrade-insecure-requests; report-uri
        https://q.stripe.com/csp-violation?q=a5Qc9MWu36UYyQ56XkuHOLdsePctTeHbWN4rZYWkfLmCvFkqtKCfxjq5KA1xV3SEPy9N8iah0JH9-lm0
      Idempotency-Key:
      - '08c5d001-fb50-44a3-a45a-80c7d14006b9'
      Original-Request:
      - req_vm64IYhAkxThNI
      Request-Id:
      - req_vm64IYhAkxThNI
      Stripe-Should-Retry:
      - 'false'
      Stripe-Version:
      - '2023-10-16'
      Vary:
      - Origin
      X-Stripe-Priority-Routing-Enabled:
      - 'true'
      X-Stripe-Routing-Context-Priority-Tier:
      - api-testmode
      X-Wc:
      - ABGHIJ
      Strict-Transport-Security:
      - max-age=63072000; includeSubDomains; preload
    body:
      encoding: UTF-8
      string: |-
        {
          "id": "cus_TLN2z8yDQzyduw",
          "object": "customer",
          "address": null,
          "balance": 0,
          "created": 1762009247,
          "currency": null,
          "default_source": "card_1SOgINIBOqvOFDrfbuyImIP3",
          "delinquent": false,
          "description": null,
          "discount": null,
          "email": null,
          "invoice_prefix": "MBCHNENH",
          "invoice_settings": {
            "custom_fields": null,
            "default_payment_method": null,
            "footer": null,
            "rendering_options": null
          },
          "livemode": false,
          "metadata": {},
          "name": null,
          "next_invoice_sequence": 1,
          "phone": null,
          "preferred_locales": [],
          "shipping": null,
          "sources": {
            "object": "list",
            "data": [
              {
                "id": "card_1SOgINIBOqvOFDrfbuyImIP3",
                "object": "card",
                "address_city": null,
                "address_country": null,
                "address_line1": null,
                "address_line1_check": null,
                "address_line2": null,
                "address_state": null,
                "address_zip": null,
                "address_zip_check": null,
                "allow_redisplay": "unspecified",
                "brand": "Visa",
                "country": "US",
                "customer": "cus_TLN2z8yDQzyduw",
                "cvc_check": "pass",
                "dynamic_last4": null,
                "email": null,
                "exp_month": 11,
                "exp_year": 2026,
                "fingerprint": "ZKA785EqNIB6mi55",
                "funding": "debit",
                "last4": "5556",
                "metadata": {},
                "name": null,
                "phone": null,
                "regulated_status": "unregulated",
                "tokenization_method": null,
                "wallet": null
              }
            ],
            "has_more": false,
            "total_count": 1,
            "url": "/v1/customers/cus_TLN2z8yDQzyduw/sources"
          },
          "tax_exempt": "none",
          "test_clock": null
        }
  recorded_at: Sat, 01 Nov 2025 15:00:48 GMT
- request:
    method: get
    uri: https://api.stripe.com/v1/tokens/tok_visa_debit
    body:
      encoding: US-ASCII
      string: ''
    headers:
      User-Agent:
      - Stripe/v1 RubyBindings/12.5.0
      Authorization:
      - Bearer <STRIPE_API_KEY>
      Content-Type:
      - application/x-www-form-urlencoded
      X-Stripe-Client-Telemetry:
      - '{"last_request_metrics":{"request_id":"req_vm64IYhAkxThNI","request_duration_ms":765}}'
      Stripe-Version:
      - '2023-10-16'
      X-Stripe-Client-User-Agent:
      - '{"bindings_version":"12.5.0","lang":"ruby","lang_version":"3.4.3 p32 (2025-04-14)","platform":"x86_64-linux","engine":"ruby","publisher":"stripe","uname":"Linux
        version 6.14.0-33-generic (buildd@lcy02-amd64-026) (x86_64-linux-gnu-gcc-13
        (Ubuntu 13.3.0-6ubuntu2~24.04) 13.3.0, GNU ld (GNU Binutils for Ubuntu) 2.42)
        #33~24.04.1-Ubuntu SMP PREEMPT_DYNAMIC Fri Sep 19 17:02:30 UTC 2","hostname":"hsc-desk"}'
      Accept-Encoding:
      - gzip;q=1.0,deflate;q=0.6,identity;q=0.3
      Accept:
      - "*/*"
  response:
    status:
      code: 200
      message: OK
    headers:
      Server:
      - nginx
      Date:
      - Sat, 01 Nov 2025 15:00:48 GMT
      Content-Type:
      - application/json
      Content-Length:
      - '937'
      Connection:
      - keep-alive
      Access-Control-Allow-Credentials:
      - 'true'
      Access-Control-Allow-Methods:
      - GET, HEAD, PUT, PATCH, POST, DELETE
      Access-Control-Allow-Origin:
      - "*"
      Access-Control-Expose-Headers:
      - Request-Id, Stripe-Manage-Version, Stripe-Should-Retry, X-Stripe-External-Auth-Required,
        X-Stripe-Privileged-Session-Required
      Access-Control-Max-Age:
      - '300'
      Cache-Control:
      - no-cache, no-store
      Content-Security-Policy:
      - base-uri 'none'; default-src 'none'; form-action 'none'; frame-ancestors 'none';
        img-src 'self'; script-src 'self' 'report-<RPUSH_CONSUMER_FCM_FIREBASE_PROJECT_ID>';
        style-src 'self'; worker-src 'none'; upgrade-insecure-requests; report-uri
        https://q.stripe.com/csp-violation?q=a5Qc9MWu36UYyQ56XkuHOLdsePctTeHbWN4rZYWkfLmCvFkqtKCfxjq5KA1xV3SEPy9N8iah0JH9-lm0
      Request-Id:
      - req_PtC4e83KkHSek3
      Stripe-Version:
      - '2023-10-16'
      Vary:
      - Origin
      X-Stripe-Priority-Routing-Enabled:
      - 'true'
      X-Stripe-Routing-Context-Priority-Tier:
      - api-testmode
      X-Wc:
      - ABGHIJ
      Strict-Transport-Security:
      - max-age=63072000; includeSubDomains; preload
    body:
      encoding: UTF-8
      string: |-
        {
          "id": "tok_1SOgIOIBOqvOFDrfgCEQIBOX",
          "object": "token",
          "card": {
            "id": "card_1SOgIOIBOqvOFDrfsYE6T2ZM",
            "object": "card",
            "address_city": null,
            "address_country": null,
            "address_line1": null,
            "address_line1_check": null,
            "address_line2": null,
            "address_state": null,
            "address_zip": null,
            "address_zip_check": null,
            "brand": "Visa",
            "country": "US",
            "currency": "usd",
            "cvc_check": "unchecked",
            "dynamic_last4": null,
            "email": null,
            "exp_month": 11,
            "exp_year": 2026,
            "fingerprint": "ZKA785EqNIB6mi55",
            "funding": "debit",
            "last4": "5556",
            "metadata": {},
            "name": null,
            "networks": {
              "preferred": null
            },
            "phone": null,
            "regulated_status": "unregulated",
            "tokenization_method": null,
            "wallet": null
          },
          "client_ip": null,
          "created": 1762009248,
          "livemode": false,
          "type": "card",
          "used": false
        }
  recorded_at: Sat, 01 Nov 2025 15:00:48 GMT
- request:
    method: get
    uri: https://api.stripe.com/v1/tokens/tok_1SOgIOIBOqvOFDrfgCEQIBOX
    body:
      encoding: US-ASCII
      string: ''
    headers:
      User-Agent:
      - Stripe/v1 RubyBindings/12.5.0
      Authorization:
      - Bearer <STRIPE_API_KEY>
      Content-Type:
      - application/x-www-form-urlencoded
      X-Stripe-Client-Telemetry:
      - '{"last_request_metrics":{"request_id":"req_PtC4e83KkHSek3","request_duration_ms":320}}'
      Stripe-Version:
      - '2023-10-16'
      X-Stripe-Client-User-Agent:
      - '{"bindings_version":"12.5.0","lang":"ruby","lang_version":"3.4.3 p32 (2025-04-14)","platform":"x86_64-linux","engine":"ruby","publisher":"stripe","uname":"Linux
        version 6.14.0-33-generic (buildd@lcy02-amd64-026) (x86_64-linux-gnu-gcc-13
        (Ubuntu 13.3.0-6ubuntu2~24.04) 13.3.0, GNU ld (GNU Binutils for Ubuntu) 2.42)
        #33~24.04.1-Ubuntu SMP PREEMPT_DYNAMIC Fri Sep 19 17:02:30 UTC 2","hostname":"hsc-desk"}'
      Accept-Encoding:
      - gzip;q=1.0,deflate;q=0.6,identity;q=0.3
      Accept:
      - "*/*"
  response:
    status:
      code: 200
      message: OK
    headers:
      Server:
      - nginx
      Date:
      - Sat, 01 Nov 2025 15:00:49 GMT
      Content-Type:
      - application/json
      Content-Length:
      - '937'
      Connection:
      - keep-alive
      Access-Control-Allow-Credentials:
      - 'true'
      Access-Control-Allow-Methods:
      - GET, HEAD, PUT, PATCH, POST, DELETE
      Access-Control-Allow-Origin:
      - "*"
      Access-Control-Expose-Headers:
      - Request-Id, Stripe-Manage-Version, Stripe-Should-Retry, X-Stripe-External-Auth-Required,
        X-Stripe-Privileged-Session-Required
      Access-Control-Max-Age:
      - '300'
      Cache-Control:
      - no-cache, no-store
      Content-Security-Policy:
      - base-uri 'none'; default-src 'none'; form-action 'none'; frame-ancestors 'none';
        img-src 'self'; script-src 'self' 'report-<RPUSH_CONSUMER_FCM_FIREBASE_PROJECT_ID>';
        style-src 'self'; worker-src 'none'; upgrade-insecure-requests; report-uri
        https://q.stripe.com/csp-violation?q=a5Qc9MWu36UYyQ56XkuHOLdsePctTeHbWN4rZYWkfLmCvFkqtKCfxjq5KA1xV3SEPy9N8iah0JH9-lm0
      Request-Id:
      - req_286oy1rcpZm3Dq
      Stripe-Version:
      - '2023-10-16'
      Vary:
      - Origin
      X-Stripe-Priority-Routing-Enabled:
      - 'true'
      X-Stripe-Routing-Context-Priority-Tier:
      - api-testmode
      X-Wc:
      - ABGHIJ
      Strict-Transport-Security:
      - max-age=63072000; includeSubDomains; preload
    body:
      encoding: UTF-8
      string: |-
        {
          "id": "tok_1SOgIOIBOqvOFDrfgCEQIBOX",
          "object": "token",
          "card": {
            "id": "card_1SOgIOIBOqvOFDrfsYE6T2ZM",
            "object": "card",
            "address_city": null,
            "address_country": null,
            "address_line1": null,
            "address_line1_check": null,
            "address_line2": null,
            "address_state": null,
            "address_zip": null,
            "address_zip_check": null,
            "brand": "Visa",
            "country": "US",
            "currency": "usd",
            "cvc_check": "unchecked",
            "dynamic_last4": null,
            "email": null,
            "exp_month": 11,
            "exp_year": 2026,
            "fingerprint": "ZKA785EqNIB6mi55",
            "funding": "debit",
            "last4": "5556",
            "metadata": {},
            "name": null,
            "networks": {
              "preferred": null
            },
            "phone": null,
            "regulated_status": "unregulated",
            "tokenization_method": null,
            "wallet": null
          },
          "client_ip": null,
          "created": 1762009248,
          "livemode": false,
          "type": "card",
          "used": false
        }
  recorded_at: Sat, 01 Nov 2025 15:00:49 GMT
- request:
    method: post
    uri: https://api.stripe.com/v1/customers
    body:
      encoding: UTF-8
      string: description=&card=tok_1SOgIOIBOqvOFDrfgCEQIBOX&expand[0]=sources
    headers:
      User-Agent:
      - Stripe/v1 RubyBindings/12.5.0
      Authorization:
      - Bearer <STRIPE_API_KEY>
      Content-Type:
      - application/x-www-form-urlencoded
      X-Stripe-Client-Telemetry:
      - '{"last_request_metrics":{"request_id":"req_286oy1rcpZm3Dq","request_duration_ms":302}}'
      Idempotency-Key:
      - 3656d7fe-e401-41ef-b27b-be3831e7f3b3
      Stripe-Version:
      - '2023-10-16'
      X-Stripe-Client-User-Agent:
      - '{"bindings_version":"12.5.0","lang":"ruby","lang_version":"3.4.3 p32 (2025-04-14)","platform":"x86_64-linux","engine":"ruby","publisher":"stripe","uname":"Linux
        version 6.14.0-33-generic (buildd@lcy02-amd64-026) (x86_64-linux-gnu-gcc-13
        (Ubuntu 13.3.0-6ubuntu2~24.04) 13.3.0, GNU ld (GNU Binutils for Ubuntu) 2.42)
        #33~24.04.1-Ubuntu SMP PREEMPT_DYNAMIC Fri Sep 19 17:02:30 UTC 2","hostname":"hsc-desk"}'
      Accept-Encoding:
      - gzip;q=1.0,deflate;q=0.6,identity;q=0.3
      Accept:
      - "*/*"
  response:
    status:
      code: 200
      message: OK
    headers:
      Server:
      - nginx
      Date:
      - Sat, 01 Nov 2025 15:00:50 GMT
      Content-Type:
      - application/json
      Content-Length:
      - '1685'
      Connection:
      - keep-alive
      Access-Control-Allow-Credentials:
      - 'true'
      Access-Control-Allow-Methods:
      - GET, HEAD, PUT, PATCH, POST, DELETE
      Access-Control-Allow-Origin:
      - "*"
      Access-Control-Expose-Headers:
      - Request-Id, Stripe-Manage-Version, Stripe-Should-Retry, X-Stripe-External-Auth-Required,
        X-Stripe-Privileged-Session-Required
      Access-Control-Max-Age:
      - '300'
      Cache-Control:
      - no-cache, no-store
      Content-Security-Policy:
      - base-uri 'none'; default-src 'none'; form-action 'none'; frame-ancestors 'none';
        img-src 'self'; script-src 'self' 'report-<RPUSH_CONSUMER_FCM_FIREBASE_PROJECT_ID>';
        style-src 'self'; worker-src 'none'; upgrade-insecure-requests; report-uri
        https://q.stripe.com/csp-violation?q=a5Qc9MWu36UYyQ56XkuHOLdsePctTeHbWN4rZYWkfLmCvFkqtKCfxjq5KA1xV3SEPy9N8iah0JH9-lm0
      Idempotency-Key:
      - 3656d7fe-e401-41ef-b27b-be3831e7f3b3
      Original-Request:
      - req_jCJ7iEnmltsnUQ
      Request-Id:
      - req_jCJ7iEnmltsnUQ
      Stripe-Should-Retry:
      - 'false'
      Stripe-Version:
      - '2023-10-16'
      Vary:
      - Origin
      X-Stripe-Priority-Routing-Enabled:
      - 'true'
      X-Stripe-Routing-Context-Priority-Tier:
      - api-testmode
      X-Wc:
      - ABGHIJ
      Strict-Transport-Security:
      - max-age=63072000; includeSubDomains; preload
    body:
      encoding: UTF-8
      string: |-
        {
          "id": "cus_TLN2Nisf4qdfYh",
          "object": "customer",
          "address": null,
          "balance": 0,
          "created": 1762009249,
          "currency": null,
          "default_source": "card_1SOgIOIBOqvOFDrfsYE6T2ZM",
          "delinquent": false,
          "description": null,
          "discount": null,
          "email": null,
          "invoice_prefix": "ZA0TYSKM",
          "invoice_settings": {
            "custom_fields": null,
            "default_payment_method": null,
            "footer": null,
            "rendering_options": null
          },
          "livemode": false,
          "metadata": {},
          "name": null,
          "next_invoice_sequence": 1,
          "phone": null,
          "preferred_locales": [],
          "shipping": null,
          "sources": {
            "object": "list",
            "data": [
              {
                "id": "card_1SOgIOIBOqvOFDrfsYE6T2ZM",
                "object": "card",
                "address_city": null,
                "address_country": null,
                "address_line1": null,
                "address_line1_check": null,
                "address_line2": null,
                "address_state": null,
                "address_zip": null,
                "address_zip_check": null,
                "allow_redisplay": "unspecified",
                "brand": "Visa",
                "country": "US",
                "customer": "cus_TLN2Nisf4qdfYh",
                "cvc_check": "pass",
                "dynamic_last4": null,
                "email": null,
                "exp_month": 11,
                "exp_year": 2026,
                "fingerprint": "ZKA785EqNIB6mi55",
                "funding": "debit",
                "last4": "5556",
                "metadata": {},
                "name": null,
                "phone": null,
                "regulated_status": "unregulated",
                "tokenization_method": null,
                "wallet": null
              }
            ],
            "has_more": false,
            "total_count": 1,
            "url": "/v1/customers/cus_TLN2Nisf4qdfYh/sources"
          },
          "tax_exempt": "none",
          "test_clock": null
        }
  recorded_at: Sat, 01 Nov 2025 15:00:50 GMT
- request:
    method: post
    uri: https://api.stripe.com/v1/accounts
    body:
      encoding: UTF-8
      string: type=custom&requested_capabilities[0]=card_payments&requested_capabilities[1]=transfers&country=US&default_currency=usd&metadata[user_id]=6&metadata[tos_agreement_id]=WwNAVzMc8J94NUz9Lp9wow%3D%3D&metadata[user_compliance_info_id]=g3YMU-XAt_051t3Gs9GjZQ%3D%3D&tos_acceptance[date]=1762009248&tos_acceptance[ip]=0.0.0.0&business_type=individual&business_profile[name]=&business_profile[url]=https%3A%2F%2Fvipul.gumroad.com%2F&business_profile[product_description]=&individual[email]=seller%40example.com&individual[address][country]=US
    headers:
      User-Agent:
      - Stripe/v1 RubyBindings/12.5.0
      Authorization:
      - Bearer <STRIPE_API_KEY>
      Content-Type:
      - application/x-www-form-urlencoded
      X-Stripe-Client-Telemetry:
      - '{"last_request_metrics":{"request_id":"req_jCJ7iEnmltsnUQ","request_duration_ms":825}}'
      Idempotency-Key:
      - 32700371-626a-447b-9cac-ea6834117c0b
      Stripe-Version:
      - '2023-10-16'
      X-Stripe-Client-User-Agent:
      - '{"bindings_version":"12.5.0","lang":"ruby","lang_version":"3.4.3 p32 (2025-04-14)","platform":"x86_64-linux","engine":"ruby","publisher":"stripe","uname":"Linux
        version 6.14.0-33-generic (buildd@lcy02-amd64-026) (x86_64-linux-gnu-gcc-13
        (Ubuntu 13.3.0-6ubuntu2~24.04) 13.3.0, GNU ld (GNU Binutils for Ubuntu) 2.42)
        #33~24.04.1-Ubuntu SMP PREEMPT_DYNAMIC Fri Sep 19 17:02:30 UTC 2","hostname":"hsc-desk"}'
      Accept-Encoding:
      - gzip;q=1.0,deflate;q=0.6,identity;q=0.3
      Accept:
      - "*/*"
  response:
    status:
      code: 200
      message: OK
    headers:
      Server:
      - nginx
      Date:
      - Sat, 01 Nov 2025 15:00:53 GMT
      Content-Type:
      - application/json
      Content-Length:
      - '7149'
      Connection:
      - keep-alive
      Access-Control-Allow-Credentials:
      - 'true'
      Access-Control-Allow-Methods:
      - GET, HEAD, PUT, PATCH, POST, DELETE
      Access-Control-Allow-Origin:
      - "*"
      Access-Control-Expose-Headers:
      - Request-Id, Stripe-Manage-Version, Stripe-Should-Retry, X-Stripe-External-Auth-Required,
        X-Stripe-Privileged-Session-Required
      Access-Control-Max-Age:
      - '300'
      Cache-Control:
      - no-cache, no-store
      Content-Security-Policy:
      - base-uri 'none'; default-src 'none'; form-action 'none'; frame-ancestors 'none';
        img-src 'self'; script-src 'self' 'report-<RPUSH_CONSUMER_FCM_FIREBASE_PROJECT_ID>';
        style-src 'self'; worker-src 'none'; upgrade-insecure-requests; report-uri
        https://q.stripe.com/csp-violation?q=a5Qc9MWu36UYyQ56XkuHOLdsePctTeHbWN4rZYWkfLmCvFkqtKCfxjq5KA1xV3SEPy9N8iah0JH9-lm0
      Idempotency-Key:
      - 32700371-626a-447b-9cac-ea6834117c0b
      Original-Request:
      - req_teCAFhOBs5EHV0
      Request-Id:
      - req_teCAFhOBs5EHV0
      Stripe-Should-Retry:
      - 'false'
      Stripe-Version:
      - '2023-10-16'
      Vary:
      - Origin
      X-Stripe-Priority-Routing-Enabled:
      - 'true'
      X-Stripe-Routing-Context-Priority-Tier:
      - api-testmode
      X-Wc:
      - ABGHIJ
      Strict-Transport-Security:
      - max-age=63072000; includeSubDomains; preload
    body:
      encoding: UTF-8
      string: |-
        {
          "id": "acct_1SOgIQIKQGncGi0G",
          "object": "account",
          "business_profile": {
            "annual_revenue": null,
            "estimated_worker_count": null,
            "mcc": null,
            "minority_owned_business_designation": null,
            "name": null,
            "product_description": "",
            "support_address": null,
            "support_email": null,
            "support_phone": null,
            "support_url": null,
            "url": "https://vipul.gumroad.com/"
          },
          "business_type": "individual",
          "capabilities": {
            "card_payments": "inactive",
            "transfers": "inactive"
          },
          "charges_enabled": false,
          "company": {
            "address": {
              "city": null,
              "country": "US",
              "line1": null,
              "line2": null,
              "postal_code": null,
              "state": null
            },
            "directors_provided": true,
            "executives_provided": true,
            "name": null,
            "owners_provided": true,
            "tax_id_provided": false,
            "verification": {
              "document": {
                "back": null,
                "details": null,
                "details_code": null,
                "front": null
              }
            }
          },
          "controller": {
            "fees": {
              "payer": "application_custom"
            },
            "is_controller": true,
            "losses": {
              "payments": "application"
            },
            "requirement_collection": "application",
            "stripe_dashboard": {
              "type": "none"
            },
            "type": "application"
          },
          "country": "US",
          "created": 1762009251,
          "default_currency": "usd",
          "details_submitted": false,
          "email": null,
          "external_accounts": {
            "object": "list",
            "data": [],
            "has_more": false,
            "total_count": 0,
            "url": "/v1/accounts/acct_1SOgIQIKQGncGi0G/external_accounts"
          },
          "future_requirements": {
            "alternatives": [],
            "current_deadline": null,
            "currently_due": [],
            "disabled_reason": null,
            "errors": [],
            "eventually_due": [],
            "past_due": [],
            "pending_verification": []
          },
          "individual": {
            "id": "person_1SOgIQIKQGncGi0GlLLvYFsr",
            "object": "person",
            "account": "acct_1SOgIQIKQGncGi0G",
            "address": {
              "city": null,
              "country": "US",
              "line1": null,
              "line2": null,
              "postal_code": null,
              "state": null
            },
            "created": 1762009250,
            "dob": {
              "day": null,
              "month": null,
              "year": null
            },
            "email": "seller@example.com",
            "first_name": null,
            "future_requirements": {
              "alternatives": [],
              "currently_due": [],
              "errors": [],
              "eventually_due": [],
              "past_due": [],
              "pending_verification": []
            },
            "id_number_provided": false,
            "last_name": null,
            "metadata": {},
            "relationship": {
              "authorizer": false,
              "director": false,
              "executive": false,
              "legal_guardian": false,
              "owner": false,
              "percent_ownership": null,
              "representative": true,
              "title": null
            },
            "requirements": {
              "alternatives": [],
              "currently_due": [
                "address.city",
                "address.line1",
                "address.postal_code",
                "address.state",
                "dob.day",
                "dob.month",
                "dob.year",
                "first_name",
                "last_name",
                "phone",
                "ssn_last_4"
              ],
              "errors": [],
              "eventually_due": [
                "address.city",
                "address.line1",
                "address.postal_code",
                "address.state",
                "dob.day",
                "dob.month",
                "dob.year",
                "first_name",
                "last_name",
                "phone",
                "ssn_last_4"
              ],
              "past_due": [
                "address.city",
                "address.line1",
                "address.postal_code",
                "address.state",
                "dob.day",
                "dob.month",
                "dob.year",
                "first_name",
                "last_name",
                "phone",
                "ssn_last_4"
              ],
              "pending_verification": []
            },
            "ssn_last_4_provided": false,
            "verification": {
              "additional_document": {
                "back": null,
                "details": null,
                "details_code": null,
                "front": null
              },
              "details": null,
              "details_code": null,
              "document": {
                "back": null,
                "details": null,
                "details_code": null,
                "front": null
              },
              "status": "unverified"
            }
          },
          "metadata": {
            "tos_agreement_id": "WwNAVzMc8J94NUz9Lp9wow==",
            "user_compliance_info_id": "g3YMU-XAt_051t3Gs9GjZQ==",
            "user_id": "6"
          },
          "payouts_enabled": false,
          "requirements": {
            "alternatives": [],
            "current_deadline": null,
            "currently_due": [
              "business_profile.mcc",
              "external_account",
              "individual.address.city",
              "individual.address.line1",
              "individual.address.postal_code",
              "individual.address.state",
              "individual.dob.day",
              "individual.dob.month",
              "individual.dob.year",
              "individual.first_name",
              "individual.last_name",
              "individual.phone",
              "individual.ssn_last_4"
            ],
            "disabled_reason": "requirements.past_due",
            "errors": [],
            "eventually_due": [
              "business_profile.mcc",
              "external_account",
              "individual.address.city",
              "individual.address.line1",
              "individual.address.postal_code",
              "individual.address.state",
              "individual.dob.day",
              "individual.dob.month",
              "individual.dob.year",
              "individual.first_name",
              "individual.last_name",
              "individual.phone",
              "individual.ssn_last_4"
            ],
            "past_due": [
              "business_profile.mcc",
              "external_account",
              "individual.address.city",
              "individual.address.line1",
              "individual.address.postal_code",
              "individual.address.state",
              "individual.dob.day",
              "individual.dob.month",
              "individual.dob.year",
              "individual.first_name",
              "individual.last_name",
              "individual.phone",
              "individual.ssn_last_4"
            ],
            "pending_verification": [
              "business_profile.url"
            ]
          },
          "settings": {
            "bacs_debit_payments": {
              "display_name": null,
              "service_user_number": null
            },
            "branding": {
              "icon": null,
              "logo": null,
              "primary_color": null,
              "secondary_color": null
            },
            "card_issuing": {
              "tos_acceptance": {
                "date": null,
                "ip": null
              }
            },
            "card_payments": {
              "decline_on": {
                "avs_failure": false,
                "cvc_failure": false
              },
              "statement_descriptor_prefix": "VIPUL.GUMR",
              "statement_descriptor_prefix_kana": null,
              "statement_descriptor_prefix_kanji": null
            },
            "dashboard": {
              "display_name": "vipul.gumroad",
              "timezone": "Etc/UTC"
            },
            "invoices": {
              "default_account_tax_ids": null,
              "hosted_payment_method_save": "offer"
            },
            "payments": {
              "statement_descriptor": "VIPUL.GUMROAD.COM",
              "statement_descriptor_kana": null,
              "statement_descriptor_kanji": null
            },
            "payouts": {
              "debit_negative_balances": false,
              "schedule": {
                "delay_days": 2,
                "interval": "daily"
              },
              "statement_descriptor": null
            },
            "sepa_debit_payments": {}
          },
          "tos_acceptance": {
            "date": 1762009248,
            "ip": "0.0.0.0",
            "user_agent": null
          },
          "type": "custom"
        }
  recorded_at: Sat, 01 Nov 2025 15:00:53 GMT
recorded_with: VCR 6.2.0
