---
http_interactions:
- request:
    method: post
    uri: https://api.stripe.com/v1/payment_methods
    body:
      encoding: UTF-8
      string: type=card&card[token]=tok_chargeDeclinedExpiredCard
    headers:
      User-Agent:
      - Stripe/v1 RubyBindings/12.5.0
      Authorization:
      - Bearer <STRIPE_API_KEY>
      Content-Type:
      - application/x-www-form-urlencoded
      X-Stripe-Client-Telemetry:
      - '{"last_request_metrics":{"request_id":"req_rVh7IhuCA9FkgN","request_duration_ms":426}}'
      Idempotency-Key:
      - b06736fb-b6a4-4b12-9fe3-ac0089b83dd6
      Stripe-Version:
      - '2023-10-16'
      X-Stripe-Client-User-Agent:
      - '{"bindings_version":"12.5.0","lang":"ruby","lang_version":"3.4.3 p32 (2025-04-14)","platform":"x86_64-linux","engine":"ruby","publisher":"stripe","uname":"Linux
        version 6.14.0-33-generic (buildd@lcy02-amd64-026) (x86_64-linux-gnu-gcc-13
        (Ubuntu 13.3.0-6ubuntu2~24.04) 13.3.0, GNU ld (GNU Binutils for Ubuntu) 2.42)
        #33~24.04.1-Ubuntu SMP PREEMPT_DYNAMIC Fri Sep 19 17:02:30 UTC 2","hostname":"hsc-desk"}'
      Accept-Encoding:
      - gzip;q=1.0,deflate;q=0.6,identity;q=0.3
      Accept:
      - "*/*"
  response:
    status:
      code: 200
      message: OK
    headers:
      Server:
      - nginx
      Date:
      - Sat, 01 Nov 2025 08:02:51 GMT
      Content-Type:
      - application/json
      Content-Length:
      - '1055'
      Connection:
      - keep-alive
      Access-Control-Allow-Credentials:
      - 'true'
      Access-Control-Allow-Methods:
      - GET, HEAD, PUT, PATCH, POST, DELETE
      Access-Control-Allow-Origin:
      - "*"
      Access-Control-Expose-Headers:
      - Request-Id, Stripe-Manage-Version, Stripe-Should-Retry, X-Stripe-External-Auth-Required,
        X-Stripe-Privileged-Session-Required
      Access-Control-Max-Age:
      - '300'
      Cache-Control:
      - no-cache, no-store
      Content-Security-Policy:
      - base-uri 'none'; default-src 'none'; form-action 'none'; frame-ancestors 'none';
        img-src 'self'; script-src 'self' 'report-<RPUSH_CONSUMER_FCM_FIREBASE_PROJECT_ID>';
        style-src 'self'; worker-src 'none'; upgrade-insecure-requests; report-uri
        https://q.stripe.com/csp-violation?q=EmG97XD3q0vwLGA1bHCB5DlYS9eH7f2BQNZoskAXI-c_DQjYxv6LElp7YNGqcBqkWChAZ5cl5Lv7g9xL
      Idempotency-Key:
      - b06736fb-b6a4-4b12-9fe3-ac0089b83dd6
      Original-Request:
      - req_XuJabglKHT0VHZ
      Request-Id:
      - req_XuJabglKHT0VHZ
      Stripe-Should-Retry:
      - 'false'
      Stripe-Version:
      - '2023-10-16'
      Vary:
      - Origin
      X-Stripe-Priority-Routing-Enabled:
      - 'true'
      X-Stripe-Routing-Context-Priority-Tier:
      - api-testmode
      X-Wc:
      - ABGHIJ
      Strict-Transport-Security:
      - max-age=63072000; includeSubDomains; preload
    body:
      encoding: UTF-8
      string: |-
        {
          "id": "pm_1SOZlvIBOqvOFDrfUXdN3Kv7",
          "object": "payment_method",
          "allow_redisplay": "unspecified",
          "billing_details": {
            "address": {
              "city": null,
              "country": null,
              "line1": null,
              "line2": null,
              "postal_code": null,
              "state": null
            },
            "email": null,
            "name": null,
            "phone": null,
            "tax_id": null
          },
          "card": {
            "brand": "visa",
            "checks": {
              "address_line1_check": null,
              "address_postal_code_check": null,
              "cvc_check": "unchecked"
            },
            "country": "US",
            "display_brand": "visa",
            "exp_month": 11,
            "exp_year": 2026,
            "fingerprint": "sF3mt00DGHKrYii7",
            "funding": "credit",
            "generated_from": null,
            "last4": "0069",
            "networks": {
              "available": [
                "visa"
              ],
              "preferred": null
            },
            "regulated_status": "unregulated",
            "three_d_secure_usage": {
              "supported": true
            },
            "wallet": null
          },
          "created": 1761984171,
          "customer": null,
          "livemode": false,
          "metadata": {},
          "type": "card"
        }
  recorded_at: Sat, 01 Nov 2025 08:02:51 GMT
- request:
    method: get
    uri: https://api.stripe.com/v1/payment_methods/pm_1SOZlvIBOqvOFDrfUXdN3Kv7
    body:
      encoding: US-ASCII
      string: ''
    headers:
      User-Agent:
      - Stripe/v1 RubyBindings/12.5.0
      Authorization:
      - Bearer <STRIPE_API_KEY>
      Content-Type:
      - application/x-www-form-urlencoded
      X-Stripe-Client-Telemetry:
      - '{"last_request_metrics":{"request_id":"req_XuJabglKHT0VHZ","request_duration_ms":372}}'
      Stripe-Version:
      - '2023-10-16'
      X-Stripe-Client-User-Agent:
      - '{"bindings_version":"12.5.0","lang":"ruby","lang_version":"3.4.3 p32 (2025-04-14)","platform":"x86_64-linux","engine":"ruby","publisher":"stripe","uname":"Linux
        version 6.14.0-33-generic (buildd@lcy02-amd64-026) (x86_64-linux-gnu-gcc-13
        (Ubuntu 13.3.0-6ubuntu2~24.04) 13.3.0, GNU ld (GNU Binutils for Ubuntu) 2.42)
        #33~24.04.1-Ubuntu SMP PREEMPT_DYNAMIC Fri Sep 19 17:02:30 UTC 2","hostname":"hsc-desk"}'
      Accept-Encoding:
      - gzip;q=1.0,deflate;q=0.6,identity;q=0.3
      Accept:
      - "*/*"
  response:
    status:
      code: 200
      message: OK
    headers:
      Server:
      - nginx
      Date:
      - Sat, 01 Nov 2025 08:02:52 GMT
      Content-Type:
      - application/json
      Content-Length:
      - '1055'
      Connection:
      - keep-alive
      Access-Control-Allow-Credentials:
      - 'true'
      Access-Control-Allow-Methods:
      - GET, HEAD, PUT, PATCH, POST, DELETE
      Access-Control-Allow-Origin:
      - "*"
      Access-Control-Expose-Headers:
      - Request-Id, Stripe-Manage-Version, Stripe-Should-Retry, X-Stripe-External-Auth-Required,
        X-Stripe-Privileged-Session-Required
      Access-Control-Max-Age:
      - '300'
      Cache-Control:
      - no-cache, no-store
      Content-Security-Policy:
      - base-uri 'none'; default-src 'none'; form-action 'none'; frame-ancestors 'none';
        img-src 'self'; script-src 'self' 'report-<RPUSH_CONSUMER_FCM_FIREBASE_PROJECT_ID>';
        style-src 'self'; worker-src 'none'; upgrade-insecure-requests; report-uri
        https://q.stripe.com/csp-violation?q=EmG97XD3q0vwLGA1bHCB5DlYS9eH7f2BQNZoskAXI-c_DQjYxv6LElp7YNGqcBqkWChAZ5cl5Lv7g9xL
      Request-Id:
      - req_2vXoIzxgMpjk72
      Stripe-Version:
      - '2023-10-16'
      Vary:
      - Origin
      X-Stripe-Priority-Routing-Enabled:
      - 'true'
      X-Stripe-Routing-Context-Priority-Tier:
      - api-testmode
      X-Wc:
      - ABGHIJ
      Strict-Transport-Security:
      - max-age=63072000; includeSubDomains; preload
    body:
      encoding: UTF-8
      string: |-
        {
          "id": "pm_1SOZlvIBOqvOFDrfUXdN3Kv7",
          "object": "payment_method",
          "allow_redisplay": "unspecified",
          "billing_details": {
            "address": {
              "city": null,
              "country": null,
              "line1": null,
              "line2": null,
              "postal_code": null,
              "state": null
            },
            "email": null,
            "name": null,
            "phone": null,
            "tax_id": null
          },
          "card": {
            "brand": "visa",
            "checks": {
              "address_line1_check": null,
              "address_postal_code_check": null,
              "cvc_check": "unchecked"
            },
            "country": "US",
            "display_brand": "visa",
            "exp_month": 11,
            "exp_year": 2026,
            "fingerprint": "sF3mt00DGHKrYii7",
            "funding": "credit",
            "generated_from": null,
            "last4": "0069",
            "networks": {
              "available": [
                "visa"
              ],
              "preferred": null
            },
            "regulated_status": "unregulated",
            "three_d_secure_usage": {
              "supported": true
            },
            "wallet": null
          },
          "created": 1761984171,
          "customer": null,
          "livemode": false,
          "metadata": {},
          "type": "card"
        }
  recorded_at: Sat, 01 Nov 2025 08:02:52 GMT
- request:
    method: post
    uri: https://api.stripe.com/v1/payment_intents
    body:
      encoding: UTF-8
      string: amount=1250&currency=usd&description=Gumroad+Charge+LG7t8LZjC_T24cy2SJYfiA%3D%3D&metadata[purchases%7B0%7D]=96B4PO2rC7RtT-y46CAkpg%3D%3D&transfer_group=CH-408&payment_method_types[0]=card&off_session=false&payment_method=pm_1SOZlvIBOqvOFDrfUXdN3Kv7&statement_descriptor_suffix=edgar34c1b6188
    headers:
      User-Agent:
      - Stripe/v1 RubyBindings/12.5.0
      Authorization:
      - Bearer <STRIPE_API_KEY>
      Content-Type:
      - application/x-www-form-urlencoded
      X-Stripe-Client-Telemetry:
      - '{"last_request_metrics":{"request_id":"req_2vXoIzxgMpjk72","request_duration_ms":341}}'
      Idempotency-Key:
      - 0f60efdb-93d4-42b4-9e9b-98ed977b938a
      Stripe-Version:
      - '2023-10-16'
      X-Stripe-Client-User-Agent:
      - '{"bindings_version":"12.5.0","lang":"ruby","lang_version":"3.4.3 p32 (2025-04-14)","platform":"x86_64-linux","engine":"ruby","publisher":"stripe","uname":"Linux
        version 6.14.0-33-generic (buildd@lcy02-amd64-026) (x86_64-linux-gnu-gcc-13
        (Ubuntu 13.3.0-6ubuntu2~24.04) 13.3.0, GNU ld (GNU Binutils for Ubuntu) 2.42)
        #33~24.04.1-Ubuntu SMP PREEMPT_DYNAMIC Fri Sep 19 17:02:30 UTC 2","hostname":"hsc-desk"}'
      Accept-Encoding:
      - gzip;q=1.0,deflate;q=0.6,identity;q=0.3
      Accept:
      - "*/*"
  response:
    status:
      code: 200
      message: OK
    headers:
      Server:
      - nginx
      Date:
      - Sat, 01 Nov 2025 08:02:52 GMT
      Content-Type:
      - application/json
      Content-Length:
      - '1491'
      Connection:
      - keep-alive
      Access-Control-Allow-Credentials:
      - 'true'
      Access-Control-Allow-Methods:
      - GET, HEAD, PUT, PATCH, POST, DELETE
      Access-Control-Allow-Origin:
      - "*"
      Access-Control-Expose-Headers:
      - Request-Id, Stripe-Manage-Version, Stripe-Should-Retry, X-Stripe-External-Auth-Required,
        X-Stripe-Privileged-Session-Required
      Access-Control-Max-Age:
      - '300'
      Cache-Control:
      - no-cache, no-store
      Content-Security-Policy:
      - base-uri 'none'; default-src 'none'; form-action 'none'; frame-ancestors 'none';
        img-src 'self'; script-src 'self' 'report-<RPUSH_CONSUMER_FCM_FIREBASE_PROJECT_ID>';
        style-src 'self'; worker-src 'none'; upgrade-insecure-requests; report-uri
        https://q.stripe.com/csp-violation?q=EmG97XD3q0vwLGA1bHCB5DlYS9eH7f2BQNZoskAXI-c_DQjYxv6LElp7YNGqcBqkWChAZ5cl5Lv7g9xL
      Idempotency-Key:
      - 0f60efdb-93d4-42b4-9e9b-98ed977b938a
      Original-Request:
      - req_Eqxnm90z5TW03o
      Request-Id:
      - req_Eqxnm90z5TW03o
      Stripe-Should-Retry:
      - 'false'
      Stripe-Version:
      - '2023-10-16'
      Vary:
      - Origin
      X-Stripe-Priority-Routing-Enabled:
      - 'true'
      X-Stripe-Routing-Context-Priority-Tier:
      - api-testmode
      X-Wc:
      - ABGHIJ
      Strict-Transport-Security:
      - max-age=63072000; includeSubDomains; preload
    body:
      encoding: UTF-8
      string: |-
        {
          "id": "pi_3SOZlwIBOqvOFDrf0RsHO5Al",
          "object": "payment_intent",
          "amount": 1250,
          "amount_capturable": 0,
          "amount_details": {
            "tip": {}
          },
          "amount_received": 0,
          "application": null,
          "application_fee_amount": null,
          "automatic_payment_methods": null,
          "canceled_at": null,
          "cancellation_reason": null,
          "capture_method": "automatic",
          "client_secret": "pi_3SOZlwIBOqvOFDrf0RsHO5Al_secret_PdNElhoNcDED8mWO74Ag282Zv",
          "confirmation_method": "automatic",
          "created": 1761984172,
          "currency": "usd",
          "customer": null,
          "description": "Gumroad Charge LG7t8LZjC_T24cy2SJYfiA==",
          "excluded_payment_method_types": null,
          "invoice": null,
          "last_payment_error": null,
          "latest_charge": null,
          "livemode": false,
          "metadata": {
            "purchases{0}": "96B4PO2rC7RtT-y46CAkpg=="
          },
          "next_action": null,
          "on_behalf_of": null,
          "payment_method": "pm_1SOZlvIBOqvOFDrfUXdN3Kv7",
          "payment_method_configuration_details": null,
          "payment_method_options": {
            "card": {
              "installments": null,
              "mandate_options": null,
              "network": null,
              "request_three_d_secure": "automatic"
            }
          },
          "payment_method_types": [
            "card"
          ],
          "processing": null,
          "receipt_email": null,
          "review": null,
          "setup_future_usage": null,
          "shipping": null,
          "source": null,
          "statement_descriptor": null,
          "statement_descriptor_suffix": "edgar34c1b6188",
          "status": "requires_confirmation",
          "transfer_data": null,
          "transfer_group": "CH-408"
        }
  recorded_at: Sat, 01 Nov 2025 08:02:52 GMT
- request:
    method: post
    uri: https://api.stripe.com/v1/payment_intents/pi_3SOZlwIBOqvOFDrf0RsHO5Al/confirm
    body:
      encoding: US-ASCII
      string: ''
    headers:
      User-Agent:
      - Stripe/v1 RubyBindings/12.5.0
      Authorization:
      - Bearer <STRIPE_API_KEY>
      Content-Type:
      - application/x-www-form-urlencoded
      X-Stripe-Client-Telemetry:
      - '{"last_request_metrics":{"request_id":"req_Eqxnm90z5TW03o","request_duration_ms":410}}'
      Idempotency-Key:
      - e649ab22-0c0f-457f-8f83-6a8166ab9dfa
      Stripe-Version:
      - '2023-10-16'
      X-Stripe-Client-User-Agent:
      - '{"bindings_version":"12.5.0","lang":"ruby","lang_version":"3.4.3 p32 (2025-04-14)","platform":"x86_64-linux","engine":"ruby","publisher":"stripe","uname":"Linux
        version 6.14.0-33-generic (buildd@lcy02-amd64-026) (x86_64-linux-gnu-gcc-13
        (Ubuntu 13.3.0-6ubuntu2~24.04) 13.3.0, GNU ld (GNU Binutils for Ubuntu) 2.42)
        #33~24.04.1-Ubuntu SMP PREEMPT_DYNAMIC Fri Sep 19 17:02:30 UTC 2","hostname":"hsc-desk"}'
      Accept-Encoding:
      - gzip;q=1.0,deflate;q=0.6,identity;q=0.3
      Accept:
      - "*/*"
  response:
    status:
      code: 402
      message: Payment Required
    headers:
      Server:
      - nginx
      Date:
      - Sat, 01 Nov 2025 08:02:53 GMT
      Content-Type:
      - application/json
      Content-Length:
      - '5402'
      Connection:
      - keep-alive
      Access-Control-Allow-Credentials:
      - 'true'
      Access-Control-Allow-Methods:
      - GET, HEAD, PUT, PATCH, POST, DELETE
      Access-Control-Allow-Origin:
      - "*"
      Access-Control-Expose-Headers:
      - Request-Id, Stripe-Manage-Version, Stripe-Should-Retry, X-Stripe-External-Auth-Required,
        X-Stripe-Privileged-Session-Required
      Access-Control-Max-Age:
      - '300'
      Cache-Control:
      - no-cache, no-store
      Content-Security-Policy:
      - base-uri 'none'; default-src 'none'; form-action 'none'; frame-ancestors 'none';
        img-src 'self'; script-src 'self' 'report-<RPUSH_CONSUMER_FCM_FIREBASE_PROJECT_ID>';
        style-src 'self'; worker-src 'none'; upgrade-insecure-requests; report-uri
        https://q.stripe.com/csp-violation?q=EmG97XD3q0vwLGA1bHCB5DlYS9eH7f2BQNZoskAXI-c_DQjYxv6LElp7YNGqcBqkWChAZ5cl5Lv7g9xL
      Idempotency-Key:
      - e649ab22-0c0f-457f-8f83-6a8166ab9dfa
      Original-Request:
      - req_I3d224Rt01v2Mz
      Request-Id:
      - req_I3d224Rt01v2Mz
      Stripe-Should-Retry:
      - 'false'
      Stripe-Version:
      - '2023-10-16'
      Vary:
      - Origin
      X-Stripe-Priority-Routing-Enabled:
      - 'true'
      X-Stripe-Routing-Context-Priority-Tier:
      - api-testmode
      X-Wc:
      - ABGHIJ
      Strict-Transport-Security:
      - max-age=63072000; includeSubDomains; preload
    body:
      encoding: UTF-8
      string: |
        {
          "error": {
            "advice_code": "confirm_card_data",
            "charge": "ch_3SOZlwIBOqvOFDrf0QgpgDBP",
            "code": "expired_card",
            "decline_code": "expired_card",
            "doc_url": "https://stripe.com/docs/error-codes/expired-card",
            "message": "Your card has expired.",
            "network_advice_code": "03",
            "network_decline_code": "54",
            "param": "exp_month",
            "payment_intent": {
              "id": "pi_3SOZlwIBOqvOFDrf0RsHO5Al",
              "object": "payment_intent",
              "amount": 1250,
              "amount_capturable": 0,
              "amount_details": {
                "tip": {}
              },
              "amount_received": 0,
              "application": null,
              "application_fee_amount": null,
              "automatic_payment_methods": null,
              "canceled_at": null,
              "cancellation_reason": null,
              "capture_method": "automatic",
              "client_secret": "pi_3SOZlwIBOqvOFDrf0RsHO5Al_secret_PdNElhoNcDED8mWO74Ag282Zv",
              "confirmation_method": "automatic",
              "created": 1761984172,
              "currency": "usd",
              "customer": null,
              "description": "Gumroad Charge LG7t8LZjC_T24cy2SJYfiA==",
              "excluded_payment_method_types": null,
              "invoice": null,
              "last_payment_error": {
                "advice_code": "confirm_card_data",
                "charge": "ch_3SOZlwIBOqvOFDrf0QgpgDBP",
                "code": "expired_card",
                "decline_code": "expired_card",
                "doc_url": "https://stripe.com/docs/error-codes/expired-card",
                "message": "Your card has expired.",
                "network_advice_code": "03",
                "network_decline_code": "54",
                "param": "exp_month",
                "payment_method": {
                  "id": "pm_1SOZlvIBOqvOFDrfUXdN3Kv7",
                  "object": "payment_method",
                  "allow_redisplay": "unspecified",
                  "billing_details": {
                    "address": {
                      "city": null,
                      "country": null,
                      "line1": null,
                      "line2": null,
                      "postal_code": null,
                      "state": null
                    },
                    "email": null,
                    "name": null,
                    "phone": null,
                    "tax_id": null
                  },
                  "card": {
                    "brand": "visa",
                    "checks": {
                      "address_line1_check": null,
                      "address_postal_code_check": null,
                      "cvc_check": "pass"
                    },
                    "country": "US",
                    "display_brand": "visa",
                    "exp_month": 11,
                    "exp_year": 2026,
                    "fingerprint": "sF3mt00DGHKrYii7",
                    "funding": "credit",
                    "generated_from": null,
                    "last4": "0069",
                    "networks": {
                      "available": [
                        "visa"
                      ],
                      "preferred": null
                    },
                    "regulated_status": "unregulated",
                    "three_d_secure_usage": {
                      "supported": true
                    },
                    "wallet": null
                  },
                  "created": 1761984171,
                  "customer": null,
                  "livemode": false,
                  "metadata": {},
                  "type": "card"
                },
                "type": "card_error"
              },
              "latest_charge": "ch_3SOZlwIBOqvOFDrf0QgpgDBP",
              "livemode": false,
              "metadata": {
                "purchases{0}": "96B4PO2rC7RtT-y46CAkpg=="
              },
              "next_action": null,
              "on_behalf_of": null,
              "payment_method": null,
              "payment_method_configuration_details": null,
              "payment_method_options": {
                "card": {
                  "installments": null,
                  "mandate_options": null,
                  "network": null,
                  "request_three_d_secure": "automatic"
                }
              },
              "payment_method_types": [
                "card"
              ],
              "processing": null,
              "receipt_email": null,
              "review": null,
              "setup_future_usage": null,
              "shipping": null,
              "source": null,
              "statement_descriptor": null,
              "statement_descriptor_suffix": "edgar34c1b6188",
              "status": "requires_payment_method",
              "transfer_data": null,
              "transfer_group": "CH-408"
            },
            "payment_method": {
              "id": "pm_1SOZlvIBOqvOFDrfUXdN3Kv7",
              "object": "payment_method",
              "allow_redisplay": "unspecified",
              "billing_details": {
                "address": {
                  "city": null,
                  "country": null,
                  "line1": null,
                  "line2": null,
                  "postal_code": null,
                  "state": null
                },
                "email": null,
                "name": null,
                "phone": null,
                "tax_id": null
              },
              "card": {
                "brand": "visa",
                "checks": {
                  "address_line1_check": null,
                  "address_postal_code_check": null,
                  "cvc_check": "pass"
                },
                "country": "US",
                "display_brand": "visa",
                "exp_month": 11,
                "exp_year": 2026,
                "fingerprint": "sF3mt00DGHKrYii7",
                "funding": "credit",
                "generated_from": null,
                "last4": "0069",
                "networks": {
                  "available": [
                    "visa"
                  ],
                  "preferred": null
                },
                "regulated_status": "unregulated",
                "three_d_secure_usage": {
                  "supported": true
                },
                "wallet": null
              },
              "created": 1761984171,
              "customer": null,
              "livemode": false,
              "metadata": {},
              "type": "card"
            },
            "request_log_url": "https://dashboard.stripe.com/test/logs/req_I3d224Rt01v2Mz?t=1761984172",
            "type": "card_error"
          }
        }
  recorded_at: Sat, 01 Nov 2025 08:02:53 GMT
recorded_with: VCR 6.2.0
